Component: ARM Compiler 5.06 update 7 (build 960) Tool: armlink [4d3601]

==============================================================================

Section Cross References

    main.o(i.assert_failed) refers to commands.o(i.commands_printf) for commands_printf
    main.o(i.assert_failed) refers to mc_interface.o(i.mc_interface_release_motor) for mc_interface_release_motor
    main.o(i.assert_failed) refers to chthreads.o(i.chThdSleep) for chThdSleep
    main.o(i.chRegSetThreadName) refers to chschd.o(.bss) for ch
    main.o(i.flash_integrity_check_thread) refers to main.o(i.chRegSetThreadName) for chRegSetThreadName
    main.o(i.flash_integrity_check_thread) refers to stm32f4xx_rcc.o(i.RCC_AHB1PeriphClockCmd) for RCC_AHB1PeriphClockCmd
    main.o(i.flash_integrity_check_thread) refers to flash_helper.o(i.flash_helper_verify_flash_memory_chunk) for flash_helper_verify_flash_memory_chunk
    main.o(i.flash_integrity_check_thread) refers to chthreads.o(i.chThdSleep) for chThdSleep
    main.o(i.led_thread) refers to main.o(i.chRegSetThreadName) for chRegSetThreadName
    main.o(i.led_thread) refers to mc_interface.o(i.mc_interface_get_state) for mc_interface_get_state
    main.o(i.led_thread) refers to mc_interface.o(i.mc_interface_select_motor_thread) for mc_interface_select_motor_thread
    main.o(i.led_thread) refers to ledpwm.o(i.ledpwm_set_intensity) for ledpwm_set_intensity
    main.o(i.led_thread) refers to mc_interface.o(i.mc_interface_get_fault) for mc_interface_get_fault
    main.o(i.led_thread) refers to chthreads.o(i.chThdSleep) for chThdSleep
    main.o(i.main) refers to hal.o(i.halInit) for halInit
    main.o(i.main) refers to chsys.o(i.chSysInit) for chSysInit
    main.o(i.main) refers to pal_lld.o(i._pal_lld_setgroupmode) for _pal_lld_setgroupmode
    main.o(i.main) refers to chthreads.o(i.chThdSleep) for chThdSleep
    main.o(i.main) refers to hw_60.o(i.hw_init_gpio) for hw_init_gpio
    main.o(i.main) refers to hw.o(i.hw_init_gpio) for hw_init_gpio
    main.o(i.main) refers to timer.o(i.timer_init) for timer_init
    main.o(i.main) refers to conf_general.o(i.conf_general_init) for conf_general_init
    main.o(i.main) refers to flash_helper.o(i.flash_helper_verify_flash_memory) for flash_helper_verify_flash_memory
    main.o(i.main) refers to ledpwm.o(i.ledpwm_init) for ledpwm_init
    main.o(i.main) refers to mc_interface.o(i.mc_interface_init) for mc_interface_init
    main.o(i.main) refers to commands.o(i.commands_init) for commands_init
    main.o(i.main) refers to comm_usb.o(i.comm_usb_init) for comm_usb_init
    main.o(i.main) refers to comm_can.o(i.comm_can_init) for comm_can_init
    main.o(i.main) refers to app_uartcomm.o(i.app_uartcomm_initialize) for app_uartcomm_initialize
    main.o(i.main) refers to mempools.o(i.mempools_alloc_appconf) for mempools_alloc_appconf
    main.o(i.main) refers to conf_general.o(i.conf_general_read_app_configuration) for conf_general_read_app_configuration
    main.o(i.main) refers to app.o(i.app_set_configuration) for app_set_configuration
    main.o(i.main) refers to app_uartcomm.o(i.app_uartcomm_start) for app_uartcomm_start
    main.o(i.main) refers to chthreads.o(i.chThdCreateStatic) for chThdCreateStatic
    main.o(i.main) refers to timeout.o(i.timeout_init) for timeout_init
    main.o(i.main) refers to timeout.o(i.timeout_configure) for timeout_configure
    main.o(i.main) refers to mempools.o(i.mempools_free_appconf) for mempools_free_appconf
    main.o(i.main) refers to shutdown.o(i.shutdown_init) for shutdown_init
    main.o(i.main) refers to main.o(i.led_thread) for led_thread
    main.o(i.main) refers to main.o(.bss) for led_thread_wa
    main.o(i.main) refers to main.o(i.periodic_thread) for periodic_thread
    main.o(i.main) refers to main.o(i.flash_integrity_check_thread) for flash_integrity_check_thread
    main.o(i.main) refers to main.o(.data) for m_init_done
    main.o(i.main_init_done) refers to main.o(.data) for m_init_done
    main.o(i.periodic_thread) refers to main.o(i.chRegSetThreadName) for chRegSetThreadName
    main.o(i.periodic_thread) refers to mc_interface.o(i.mc_interface_get_state) for mc_interface_get_state
    main.o(i.periodic_thread) refers to mcpwm.o(i.mcpwm_get_detect_pos) for mcpwm_get_detect_pos
    main.o(i.periodic_thread) refers to commands.o(i.commands_send_rotor_pos) for commands_send_rotor_pos
    main.o(i.periodic_thread) refers to commands.o(i.commands_get_disp_pos_mode) for commands_get_disp_pos_mode
    main.o(i.periodic_thread) refers to encoder.o(i.encoder_read_deg) for encoder_read_deg
    main.o(i.periodic_thread) refers to mc_interface.o(i.mc_interface_get_pid_pos_now) for mc_interface_get_pid_pos_now
    main.o(i.periodic_thread) refers to mc_interface.o(i.mc_interface_get_pid_pos_set) for mc_interface_get_pid_pos_set
    main.o(i.periodic_thread) refers to utils.o(i.utils_angle_difference) for utils_angle_difference
[...]
    chsys.o(i.chSysInit) refers to chthreads.o(i._thread_init) for _thread_init
    chsys.o(i.chSysInit) refers to chthreads.o(i.chThdCreateStatic) for chThdCreateStatic
    chsys.o(i.chSysInit) refers to chschd.o(.bss) for ch
    chsys.o(i.chSysInit) refers to cstartup.o(CSTACK) for __main_thread_stack_base__
    chsys.o(i.chSysInit) refers to chregistry.o(.constdata) for ch_debug
    chsys.o(i.chSysInit) refers to chsys.o(i._idle_thread) for _idle_thread
    chsys.o(i.chSysIntegrityCheckI) refers to chschd.o(.bss) for ch
    chsys.o(i.chSysPolledDelayX) refers to chsys.o(i.chSysIsCounterWithinX) for chSysIsCounterWithinX
    chsys.o(i.chSysRestoreStatusX) refers to chsys.o(i.port_irq_enabled) for port_irq_enabled
    chsys.o(i.chSysRestoreStatusX) refers to chsys.o(i.port_is_isr_context) for port_is_isr_context
    chsys.o(i.chSysRestoreStatusX) refers to chsys.o(i.chSysUnlockFromISR) for chSysUnlockFromISR
    chsys.o(i.chSysRestoreStatusX) refers to chschd.o(i.chSchRescheduleS) for chSchRescheduleS
    chsys.o(i.chSysTimerHandlerI) refers to chsys.o(i.chVTDoTickI) for chVTDoTickI
    chsys.o(i.chSysTimerHandlerI) refers to chschd.o(.bss) for ch
    chsys.o(i.chVTDoTickI) refers to chsys.o(i.chSysUnlockFromISR) for chSysUnlockFromISR
    chsys.o(i.chVTDoTickI) refers to chsys.o(i.chSysLockFromISR) for chSysLockFromISR
    chsys.o(i.chVTDoTickI) refers to chschd.o(.bss) for ch
    chthreads.o(i._thread_init) refers to chschd.o(.bss) for ch
    chthreads.o(i.chThdCreateI) refers to chthreads.o(i._thread_init) for _thread_init
    chthreads.o(i.chThdCreateI) refers to chcoreasm_v7m.o(.text) for _port_thread_start
    chthreads.o(i.chThdCreateStatic) refers to chthreads.o(i._thread_memfill) for _thread_memfill
    chthreads.o(i.chThdCreateStatic) refers to chthreads.o(i.chSysLock) for chSysLock
    chthreads.o(i.chThdCreateStatic) refers to chthreads.o(i.chThdCreateI) for chThdCreateI
    chthreads.o(i.chThdCreateStatic) refers to chschd.o(i.chSchWakeupS) for chSchWakeupS
    chthreads.o(i.chThdCreateStatic) refers to chthreads.o(i.chSysUnlock) for chSysUnlock
    chthreads.o(i.chThdDequeueAllI) refers to chthreads.o(i.chThdDoDequeueNextI) for chThdDoDequeueNextI
    chthreads.o(i.chThdDequeueAllI) refers to chthreads.o(i.queue_notempty) for queue_notempty
    chthreads.o(i.chThdDequeueNextI) refers to chthreads.o(i.queue_notempty) for queue_notempty
    chthreads.o(i.chThdDequeueNextI) refers to chthreads.o(i.chThdDoDequeueNextI) for chThdDoDequeueNextI
    chthreads.o(i.chThdDoDequeueNextI) refers to chschd.o(i.chSchReadyI) for chSchReadyI
    chthreads.o(i.chThdEnqueueTimeoutS) refers to chschd.o(i.chSchGoSleepTimeoutS) for chSchGoSleepTimeoutS
    chthreads.o(i.chThdEnqueueTimeoutS) refers to chschd.o(.bss) for ch
    chthreads.o(i.chThdExit) refers to chthreads.o(i.chSysLock) for chSysLock
    chthreads.o(i.chThdExit) refers to chthreads.o(i.chThdExitS) for chThdExitS
    chthreads.o(i.chThdExitS) refers to chschd.o(i.chSchReadyI) for chSchReadyI
    chthreads.o(i.chThdExitS) refers to chschd.o(i.chSchGoSleepS) for chSchGoSleepS
    chthreads.o(i.chThdExitS) refers to chschd.o(.bss) for ch
    chthreads.o(i.chThdResume) refers to chthreads.o(i.chSysLock) for chSysLock
    chthreads.o(i.chThdResume) refers to chthreads.o(i.chThdResumeS) for chThdResumeS
    chthreads.o(i.chThdResume) refers to chthreads.o(i.chSysUnlock) for chSysUnlock
    chthreads.o(i.chThdResumeI) refers to chschd.o(i.chSchReadyI) for chSchReadyI
    chthreads.o(i.chThdResumeS) refers to chschd.o(i.chSchWakeupS) for chSchWakeupS
    chthreads.o(i.chThdSetPriority) refers to chthreads.o(i.chSysLock) for chSysLock
    chthreads.o(i.chThdSetPriority) refers to chschd.o(i.chSchRescheduleS) for chSchRescheduleS
    chthreads.o(i.chThdSetPriority) refers to chthreads.o(i.chSysUnlock) for chSysUnlock
    chthreads.o(i.chThdSetPriority) refers to chschd.o(.bss) for ch
    chthreads.o(i.chThdSleep) refers to chthreads.o(i.chSysLock) for chSysLock
    chthreads.o(i.chThdSleep) refers to chthreads.o(i.chThdSleepS) for chThdSleepS
    chthreads.o(i.chThdSleep) refers to chthreads.o(i.chSysUnlock) for chSysUnlock
    chthreads.o(i.chThdSleepS) refers to chschd.o(i.chSchGoSleepTimeoutS) for chSchGoSleepTimeoutS
    chthreads.o(i.chThdSleepUntil) refers to chthreads.o(i.chSysLock) for chSysLock
    chthreads.o(i.chThdSleepUntil) refers to chthreads.o(i.chThdSleepS) for chThdSleepS
    chthreads.o(i.chThdSleepUntil) refers to chthreads.o(i.chSysUnlock) for chSysUnlock
    chthreads.o(i.chThdSleepUntil) refers to chschd.o(.bss) for ch
    chthreads.o(i.chThdSleepUntilWindowed) refers to chthreads.o(i.chSysLock) for chSysLock
    chthreads.o(i.chThdSleepUntilWindowed) refers to chthreads.o(i.chThdSleepS) for chThdSleepS
    chthreads.o(i.chThdSleepUntilWindowed) refers to chthreads.o(i.chSysUnlock) for chSysUnlock
    chthreads.o(i.chThdSleepUntilWindowed) refers to chschd.o(.bss) for ch
    chthreads.o(i.chThdStart) refers to chthreads.o(i.chSysLock) for chSysLock
    chthreads.o(i.chThdStart) refers to chschd.o(i.chSchReadyI) for chSchReadyI
    chthreads.o(i.chThdStart) refers to chthreads.o(i.chSysUnlock) for chSysUnlock
    chthreads.o(i.chThdSuspendS) refers to chschd.o(i.chSchGoSleepS) for chSchGoSleepS
    chthreads.o(i.chThdSuspendS) refers to chschd.o(.bss) for ch
    chthreads.o(i.chThdSuspendTimeoutS) refers to chschd.o(i.chSchGoSleepTimeoutS) for chSchGoSleepTimeoutS
    chthreads.o(i.chThdSuspendTimeoutS) refers to chschd.o(.bss) for ch
    chthreads.o(i.chThdTerminate) refers to chthreads.o(i.chSysLock) for chSysLock
    chthreads.o(i.chThdTerminate) refers to chthreads.o(i.chSysUnlock) for chSysUnlock
    chthreads.o(i.chThdWait) refers to chthreads.o(i.chSysLock) for chSysLock
    chthreads.o(i.chThdWait) refers to chschd.o(i.chSchGoSleepS) for chSchGoSleepS
    chthreads.o(i.chThdWait) refers to chthreads.o(i.chSysUnlock) for chSysUnlock
    chthreads.o(i.chThdWait) refers to chdynamic.o(i.chThdRelease) for chThdRelease
    chthreads.o(i.chThdWait) refers to chschd.o(.bss) for ch
    chthreads.o(i.chThdYield) refers to chthreads.o(i.chSysLock) for chSysLock
    chthreads.o(i.chThdYield) refers to chschd.o(i.chSchDoRescheduleBehind) for chSchDoRescheduleBehind
    chthreads.o(i.chThdYield) refers to chthreads.o(i.chSysUnlock) for chSysUnlock
    chthreads.o(i.chThdYield) refers to chschd.o(.bss) for ch
    chtm.o(i._tm_init) refers to chtm.o(i.chTMObjectInit) for chTMObjectInit
    chtm.o(i._tm_init) refers to chtm.o(i.chTMStartMeasurementX) for chTMStartMeasurementX
    chtm.o(i._tm_init) refers to chtm.o(i.chTMStopMeasurementX) for chTMStopMeasurementX
    chtm.o(i._tm_init) refers to chschd.o(.bss) for ch
    chtm.o(i.chTMChainMeasurementToX) refers to chtm.o(i.tm_stop) for tm_stop
    chtm.o(i.chTMStopMeasurementX) refers to chtm.o(i.tm_stop) for tm_stop
    chtm.o(i.chTMStopMeasurementX) refers to chschd.o(.bss) for ch
    chvt.o(i._vt_init) refers to chschd.o(.bss) for ch
    chvt.o(i.chVTDoResetI) refers to chschd.o(.bss) for ch
    chvt.o(i.chVTDoSetI) refers to chschd.o(.bss) for ch
    chcoreasm_v7m.o(.text) refers to chthreads.o(i.chThdExit) for chThdExit
    chcoreasm_v7m.o(.text) refers to chschd.o(i.chSchDoReschedule) for chSchDoReschedule
    chcore_v7m.o(i._port_irq_epilogue) refers to chschd.o(i.chSchIsPreemptionRequired) for chSchIsPreemptionRequired
    chcore_v7m.o(i._port_irq_epilogue) refers to chcoreasm_v7m.o(.text) for _port_switch_from_isr
    cstartup.o(.text) refers to board.o(i.__early_init) for __early_init
    cstartup.o(.text) refers to cstartup.o(CSTACK) for __initial_sp
    cstartup.o(.text) refers to entry.o(.ARM.Collect$$$$00000000) for __main
    vectors.o(RESET) refers to cstartup.o(MSTACK) for __initial_msp
    vectors.o(RESET) refers to cstartup.o(.text) for Reset_Handler
    vectors.o(RESET) refers to vectors.o(.text) for NMI_Handler
    vectors.o(RESET) refers to chcore_v7m.o(i.PendSV_Handler) for PendSV_Handler
    vectors.o(RESET) refers to st_lld.o(i.SysTick_Handler) for SysTick_Handler
    vectors.o(RESET) refers to irq_handlers.o(i.Vector44) for Vector44
    vectors.o(RESET) refers to stm32_dma.o(i.Vector6C) for Vector6C
    vectors.o(RESET) refers to stm32_dma.o(i.Vector70) for Vector70
    vectors.o(RESET) refers to stm32_dma.o(i.Vector74) for Vector74
    vectors.o(RESET) refers to stm32_dma.o(i.Vector78) for Vector78
    vectors.o(RESET) refers to stm32_dma.o(i.Vector7C) for Vector7C
    vectors.o(RESET) refers to stm32_dma.o(i.Vector80) for Vector80
    vectors.o(RESET) refers to stm32_dma.o(i.Vector84) for Vector84
    vectors.o(RESET) refers to irq_handlers.o(i.Vector88) for Vector88
    vectors.o(RESET) refers to can_lld.o(i.Vector8C) for Vector8C
    vectors.o(RESET) refers to can_lld.o(i.Vector90) for Vector90
    vectors.o(RESET) refers to can_lld.o(i.Vector94) for Vector94
    vectors.o(RESET) refers to can_lld.o(i.Vector98) for Vector98
    vectors.o(RESET) refers to irq_handlers.o(i.Vector9C) for Vector9C
    vectors.o(RESET) refers to icu_lld.o(i.VectorA0) for VectorA0
    vectors.o(RESET) refers to irq_handlers.o(i.VectorB0) for VectorB0
    vectors.o(RESET) refers to irq_handlers.o(i.VectorB4) for VectorB4
    vectors.o(RESET) refers to icu_lld.o(i.VectorB8) for VectorB8
    vectors.o(RESET) refers to i2c_lld.o(i.VectorC4) for VectorC4
    vectors.o(RESET) refers to i2c_lld.o(i.VectorC8) for VectorC8
    vectors.o(RESET) refers to serial_lld.o(i.VectorD4) for VectorD4
    vectors.o(RESET) refers to serial_lld.o(i.VectorD8) for VectorD8
    vectors.o(RESET) refers to serial_lld.o(i.VectorDC) for VectorDC
    vectors.o(RESET) refers to stm32_dma.o(i.VectorFC) for VectorFC
    vectors.o(RESET) refers to serial_lld.o(i.Vector110) for Vector110
    vectors.o(RESET) refers to serial_lld.o(i.Vector114) for Vector114
    vectors.o(RESET) refers to stm32_dma.o(i.Vector120) for Vector120
    vectors.o(RESET) refers to stm32_dma.o(i.Vector124) for Vector124
    vectors.o(RESET) refers to stm32_dma.o(i.Vector128) for Vector128
    vectors.o(RESET) refers to stm32_dma.o(i.Vector12C) for Vector12C
    vectors.o(RESET) refers to stm32_dma.o(i.Vector130) for Vector130
    vectors.o(RESET) refers to can_lld.o(i.Vector13C) for Vector13C
    vectors.o(RESET) refers to can_lld.o(i.Vector140) for Vector140
    vectors.o(RESET) refers to can_lld.o(i.Vector144) for Vector144
    vectors.o(RESET) refers to can_lld.o(i.Vector148) for Vector148
    vectors.o(RESET) refers to usb_lld.o(i.Vector14C) for Vector14C
    vectors.o(RESET) refers to stm32_dma.o(i.Vector150) for Vector150
    vectors.o(RESET) refers to stm32_dma.o(i.Vector154) for Vector154
    vectors.o(RESET) refers to stm32_dma.o(i.Vector158) for Vector158
    vectors.o(RESET) refers to serial_lld.o(i.Vector15C) for Vector15C
    hal_lld.o(i.hal_lld_init) refers to hal_lld.o(i.hal_lld_backup_domain_init) for hal_lld_backup_domain_init
    hal_lld.o(i.hal_lld_init) refers to stm32_dma.o(i.dmaInit) for dmaInit
    stm32_dma.o(i.Vector120) refers to chcore_v7m.o(i._port_irq_epilogue) for _port_irq_epilogue
    stm32_dma.o(i.Vector120) refers to stm32_dma.o(.bss) for dma_isr_redir
    stm32_dma.o(i.Vector124) refers to chcore_v7m.o(i._port_irq_epilogue) for _port_irq_epilogue
    stm32_dma.o(i.Vector124) refers to stm32_dma.o(.bss) for dma_isr_redir
    stm32_dma.o(i.Vector128) refers to chcore_v7m.o(i._port_irq_epilogue) for _port_irq_epilogue
    stm32_dma.o(i.Vector128) refers to stm32_dma.o(.bss) for dma_isr_redir
    stm32_dma.o(i.Vector12C) refers to chcore_v7m.o(i._port_irq_epilogue) for _port_irq_epilogue
    stm32_dma.o(i.Vector12C) refers to stm32_dma.o(.bss) for dma_isr_redir
    stm32_dma.o(i.Vector130) refers to chcore_v7m.o(i._port_irq_epilogue) for _port_irq_epilogue
    stm32_dma.o(i.Vector130) refers to stm32_dma.o(.bss) for dma_isr_redir
    stm32_dma.o(i.Vector150) refers to chcore_v7m.o(i._port_irq_epilogue) for _port_irq_epilogue
    stm32_dma.o(i.Vector150) refers to stm32_dma.o(.bss) for dma_isr_redir
    stm32_dma.o(i.Vector154) refers to chcore_v7m.o(i._port_irq_epilogue) for _port_irq_epilogue
    stm32_dma.o(i.Vector154) refers to stm32_dma.o(.bss) for dma_isr_redir
    stm32_dma.o(i.Vector158) refers to chcore_v7m.o(i._port_irq_epilogue) for _port_irq_epilogue
    stm32_dma.o(i.Vector158) refers to stm32_dma.o(.bss) for dma_isr_redir
    stm32_dma.o(i.Vector6C) refers to chcore_v7m.o(i._port_irq_epilogue) for _port_irq_epilogue
    stm32_dma.o(i.Vector6C) refers to stm32_dma.o(.bss) for dma_isr_redir
    stm32_dma.o(i.Vector70) refers to chcore_v7m.o(i._port_irq_epilogue) for _port_irq_epilogue
    stm32_dma.o(i.Vector70) refers to stm32_dma.o(.bss) for dma_isr_redir
    stm32_dma.o(i.Vector74) refers to chcore_v7m.o(i._port_irq_epilogue) for _port_irq_epilogue
    stm32_dma.o(i.Vector74) refers to stm32_dma.o(.bss) for dma_isr_redir
    stm32_dma.o(i.Vector78) refers to chcore_v7m.o(i._port_irq_epilogue) for _port_irq_epilogue
    stm32_dma.o(i.Vector78) refers to stm32_dma.o(.bss) for dma_isr_redir
    stm32_dma.o(i.Vector7C) refers to chcore_v7m.o(i._port_irq_epilogue) for _port_irq_epilogue
    stm32_dma.o(i.Vector7C) refers to stm32_dma.o(.bss) for dma_isr_redir
    stm32_dma.o(i.Vector80) refers to chcore_v7m.o(i._port_irq_epilogue) for _port_irq_epilogue
    stm32_dma.o(i.Vector80) refers to stm32_dma.o(.bss) for dma_isr_redir
    stm32_dma.o(i.Vector84) refers to chcore_v7m.o(i._port_irq_epilogue) for _port_irq_epilogue
    stm32_dma.o(i.Vector84) refers to stm32_dma.o(.bss) for dma_isr_redir
    stm32_dma.o(i.VectorFC) refers to chcore_v7m.o(i._port_irq_epilogue) for _port_irq_epilogue
    stm32_dma.o(i.VectorFC) refers to stm32_dma.o(.bss) for dma_isr_redir
    stm32_dma.o(i.dmaInit) refers to stm32_dma.o(.data) for dma_streams_mask
    stm32_dma.o(i.dmaInit) refers to stm32_dma.o(.constdata) for _stm32_dma_streams
    stm32_dma.o(i.dmaInit) refers to stm32_dma.o(.bss) for dma_isr_redir
    stm32_dma.o(i.dmaStreamAllocate) refers to nvic.o(i.nvicEnableVector) for nvicEnableVector
    stm32_dma.o(i.dmaStreamAllocate) refers to stm32_dma.o(.data) for dma_streams_mask
    stm32_dma.o(i.dmaStreamAllocate) refers to stm32_dma.o(.bss) for dma_isr_redir
    stm32_dma.o(i.dmaStreamRelease) refers to nvic.o(i.nvicDisableVector) for nvicDisableVector
    stm32_dma.o(i.dmaStreamRelease) refers to stm32_dma.o(.data) for dma_streams_mask
    can_lld.o(i.Vector13C) refers to can_lld.o(i.can_lld_tx_handler) for can_lld_tx_handler
    can_lld.o(i.Vector13C) refers to chcore_v7m.o(i._port_irq_epilogue) for _port_irq_epilogue
    can_lld.o(i.Vector13C) refers to can_lld.o(.bss) for CAND2
    can_lld.o(i.Vector140) refers to can_lld.o(i.can_lld_rx0_handler) for can_lld_rx0_handler
    can_lld.o(i.Vector140) refers to chcore_v7m.o(i._port_irq_epilogue) for _port_irq_epilogue
    can_lld.o(i.Vector140) refers to can_lld.o(.bss) for CAND2
    can_lld.o(i.Vector144) refers to can_lld.o(i.can_lld_rx1_handler) for can_lld_rx1_handler
    can_lld.o(i.Vector144) refers to chcore_v7m.o(i._port_irq_epilogue) for _port_irq_epilogue
    can_lld.o(i.Vector144) refers to can_lld.o(.bss) for CAND2
    can_lld.o(i.Vector148) refers to can_lld.o(i.can_lld_sce_handler) for can_lld_sce_handler
    can_lld.o(i.Vector148) refers to chcore_v7m.o(i._port_irq_epilogue) for _port_irq_epilogue
    can_lld.o(i.Vector148) refers to can_lld.o(.bss) for CAND2
    can_lld.o(i.Vector8C) refers to can_lld.o(i.can_lld_tx_handler) for can_lld_tx_handler
    can_lld.o(i.Vector8C) refers to chcore_v7m.o(i._port_irq_epilogue) for _port_irq_epilogue
    can_lld.o(i.Vector8C) refers to can_lld.o(.bss) for CAND1
    can_lld.o(i.Vector90) refers to can_lld.o(i.can_lld_rx0_handler) for can_lld_rx0_handler
    can_lld.o(i.Vector90) refers to chcore_v7m.o(i._port_irq_epilogue) for _port_irq_epilogue
    can_lld.o(i.Vector90) refers to can_lld.o(.bss) for CAND1
    can_lld.o(i.Vector94) refers to can_lld.o(i.can_lld_rx1_handler) for can_lld_rx1_handler
    can_lld.o(i.Vector94) refers to chcore_v7m.o(i._port_irq_epilogue) for _port_irq_epilogue
    can_lld.o(i.Vector94) refers to can_lld.o(.bss) for CAND1
    can_lld.o(i.Vector98) refers to can_lld.o(i.can_lld_sce_handler) for can_lld_sce_handler
    can_lld.o(i.Vector98) refers to chcore_v7m.o(i._port_irq_epilogue) for _port_irq_epilogue
    can_lld.o(i.Vector98) refers to can_lld.o(.bss) for CAND1
    can_lld.o(i.canSTM32SetFilters) refers to can_lld.o(i.can_lld_set_filters) for can_lld_set_filters
    can_lld.o(i.can_lld_init) refers to can.o(i.canObjectInit) for canObjectInit
    can_lld.o(i.can_lld_init) refers to can_lld.o(i.can_lld_set_filters) for can_lld_set_filters
    can_lld.o(i.can_lld_init) refers to can_lld.o(.bss) for CAND1
    can_lld.o(i.can_lld_rx0_handler) refers to can_lld.o(i.osalSysLockFromISR) for osalSysLockFromISR
    can_lld.o(i.can_lld_rx0_handler) refers to can_lld.o(i.osalThreadDequeueAllI) for osalThreadDequeueAllI
    can_lld.o(i.can_lld_rx0_handler) refers to can_lld.o(i.osalEventBroadcastFlagsI) for osalEventBroadcastFlagsI
    can_lld.o(i.can_lld_rx0_handler) refers to can_lld.o(i.osalSysUnlockFromISR) for osalSysUnlockFromISR
    can_lld.o(i.can_lld_rx1_handler) refers to can_lld.o(i.osalSysLockFromISR) for osalSysLockFromISR
    can_lld.o(i.can_lld_rx1_handler) refers to can_lld.o(i.osalThreadDequeueAllI) for osalThreadDequeueAllI
    can_lld.o(i.can_lld_rx1_handler) refers to can_lld.o(i.osalEventBroadcastFlagsI) for osalEventBroadcastFlagsI
    can_lld.o(i.can_lld_rx1_handler) refers to can_lld.o(i.osalSysUnlockFromISR) for osalSysUnlockFromISR
    can_lld.o(i.can_lld_sce_handler) refers to can_lld.o(i.osalSysLockFromISR) for osalSysLockFromISR
    can_lld.o(i.can_lld_sce_handler) refers to can_lld.o(i.osalEventBroadcastFlagsI) for osalEventBroadcastFlagsI
    can_lld.o(i.can_lld_sce_handler) refers to can_lld.o(i.osalSysUnlockFromISR) for osalSysUnlockFromISR
    can_lld.o(i.can_lld_start) refers to nvic.o(i.nvicEnableVector) for nvicEnableVector
    can_lld.o(i.can_lld_start) refers to chschd.o(i.chSchGoSleepTimeoutS) for chSchGoSleepTimeoutS
    can_lld.o(i.can_lld_start) refers to can_lld.o(.bss) for CAND1
    can_lld.o(i.can_lld_stop) refers to nvic.o(i.nvicDisableVector) for nvicDisableVector
    can_lld.o(i.can_lld_stop) refers to can_lld.o(.bss) for CAND1
    can_lld.o(i.can_lld_tx_handler) refers to can_lld.o(i.osalSysLockFromISR) for osalSysLockFromISR
    can_lld.o(i.can_lld_tx_handler) refers to can_lld.o(i.osalThreadDequeueAllI) for osalThreadDequeueAllI
    can_lld.o(i.can_lld_tx_handler) refers to can_lld.o(i.osalEventBroadcastFlagsI) for osalEventBroadcastFlagsI
    can_lld.o(i.can_lld_tx_handler) refers to can_lld.o(i.osalSysUnlockFromISR) for osalSysUnlockFromISR
    can_lld.o(i.osalEventBroadcastFlagsI) refers to chevents.o(i.chEvtBroadcastFlagsI) for chEvtBroadcastFlagsI
    can_lld.o(i.osalThreadDequeueAllI) refers to chthreads.o(i.chThdDequeueAllI) for chThdDequeueAllI
    pal_lld.o(i._pal_lld_init) refers to pal_lld.o(i.initgpio) for initgpio
    i2c_lld.o(i.VectorC4) refers to i2c_lld.o(i.i2c_lld_serve_event_interrupt) for i2c_lld_serve_event_interrupt
    i2c_lld.o(i.VectorC4) refers to chcore_v7m.o(i._port_irq_epilogue) for _port_irq_epilogue
    i2c_lld.o(i.VectorC4) refers to i2c_lld.o(.bss) for I2CD2
    i2c_lld.o(i.VectorC8) refers to i2c_lld.o(i.i2c_lld_serve_error_interrupt) for i2c_lld_serve_error_interrupt
    i2c_lld.o(i.VectorC8) refers to chcore_v7m.o(i._port_irq_epilogue) for _port_irq_epilogue
    i2c_lld.o(i.VectorC8) refers to i2c_lld.o(.bss) for I2CD2
    i2c_lld.o(i.i2c_lld_init) refers to i2c.o(i.i2cObjectInit) for i2cObjectInit
    i2c_lld.o(i.i2c_lld_init) refers to i2c_lld.o(.bss) for I2CD2
    i2c_lld.o(i.i2c_lld_init) refers to stm32_dma.o(.constdata) for _stm32_dma_streams
    i2c_lld.o(i.i2c_lld_master_receive_timeout) refers to i2c_lld.o(i.osalSysUnlock) for osalSysUnlock
    i2c_lld.o(i.i2c_lld_master_receive_timeout) refers to i2c_lld.o(i.osalOsGetSystemTimeX) for osalOsGetSystemTimeX
    i2c_lld.o(i.i2c_lld_master_receive_timeout) refers to i2c_lld.o(i.osalSysLock) for osalSysLock
    i2c_lld.o(i.i2c_lld_master_receive_timeout) refers to i2c_lld.o(i.osalOsIsTimeWithinX) for osalOsIsTimeWithinX
    i2c_lld.o(i.i2c_lld_master_receive_timeout) refers to i2c_lld.o(i.osalThreadSuspendTimeoutS) for osalThreadSuspendTimeoutS
    i2c_lld.o(i.i2c_lld_master_transmit_timeout) refers to i2c_lld.o(i.osalSysUnlock) for osalSysUnlock
    i2c_lld.o(i.i2c_lld_master_transmit_timeout) refers to i2c_lld.o(i.osalOsGetSystemTimeX) for osalOsGetSystemTimeX
    i2c_lld.o(i.i2c_lld_master_transmit_timeout) refers to i2c_lld.o(i.osalSysLock) for osalSysLock
    i2c_lld.o(i.i2c_lld_master_transmit_timeout) refers to i2c_lld.o(i.osalOsIsTimeWithinX) for osalOsIsTimeWithinX
    i2c_lld.o(i.i2c_lld_master_transmit_timeout) refers to i2c_lld.o(i.osalThreadSuspendTimeoutS) for osalThreadSuspendTimeoutS
    i2c_lld.o(i.i2c_lld_serve_error_interrupt) refers to i2c_lld.o(i.osalSysLockFromISR) for osalSysLockFromISR
    i2c_lld.o(i.i2c_lld_serve_error_interrupt) refers to i2c_lld.o(i.osalThreadResumeI) for osalThreadResumeI
    i2c_lld.o(i.i2c_lld_serve_error_interrupt) refers to i2c_lld.o(i.osalSysUnlockFromISR) for osalSysUnlockFromISR
    i2c_lld.o(i.i2c_lld_serve_event_interrupt) refers to i2c_lld.o(i.osalSysLockFromISR) for osalSysLockFromISR
    i2c_lld.o(i.i2c_lld_serve_event_interrupt) refers to i2c_lld.o(i.osalThreadResumeI) for osalThreadResumeI
    i2c_lld.o(i.i2c_lld_serve_event_interrupt) refers to i2c_lld.o(i.osalSysUnlockFromISR) for osalSysUnlockFromISR
    i2c_lld.o(i.i2c_lld_serve_rx_end_irq) refers to i2c_lld.o(i.osalSysHalt) for osalSysHalt
    i2c_lld.o(i.i2c_lld_serve_rx_end_irq) refers to i2c_lld.o(i.osalSysLockFromISR) for osalSysLockFromISR
    i2c_lld.o(i.i2c_lld_serve_rx_end_irq) refers to i2c_lld.o(i.osalThreadResumeI) for osalThreadResumeI
    i2c_lld.o(i.i2c_lld_serve_rx_end_irq) refers to i2c_lld.o(i.osalSysUnlockFromISR) for osalSysUnlockFromISR
    i2c_lld.o(i.i2c_lld_serve_tx_end_irq) refers to i2c_lld.o(i.osalSysHalt) for osalSysHalt
    i2c_lld.o(i.i2c_lld_start) refers to stm32_dma.o(i.dmaStreamAllocate) for dmaStreamAllocate
    i2c_lld.o(i.i2c_lld_start) refers to nvic.o(i.nvicEnableVector) for nvicEnableVector
    i2c_lld.o(i.i2c_lld_start) refers to i2c_lld.o(i.i2c_lld_set_clock) for i2c_lld_set_clock
    i2c_lld.o(i.i2c_lld_start) refers to i2c_lld.o(i.i2c_lld_set_opmode) for i2c_lld_set_opmode
    i2c_lld.o(i.i2c_lld_start) refers to i2c_lld.o(.bss) for I2CD2
    i2c_lld.o(i.i2c_lld_start) refers to i2c_lld.o(i.i2c_lld_serve_rx_end_irq) for i2c_lld_serve_rx_end_irq
    i2c_lld.o(i.i2c_lld_start) refers to i2c_lld.o(i.i2c_lld_serve_tx_end_irq) for i2c_lld_serve_tx_end_irq
    i2c_lld.o(i.i2c_lld_stop) refers to i2c_lld.o(i.i2c_lld_abort_operation) for i2c_lld_abort_operation
    i2c_lld.o(i.i2c_lld_stop) refers to stm32_dma.o(i.dmaStreamRelease) for dmaStreamRelease
    i2c_lld.o(i.i2c_lld_stop) refers to nvic.o(i.nvicDisableVector) for nvicDisableVector
    i2c_lld.o(i.i2c_lld_stop) refers to i2c_lld.o(.bss) for I2CD2
    i2c_lld.o(i.osalOsGetSystemTimeX) refers to chschd.o(.bss) for ch
    i2c_lld.o(i.osalSysHalt) refers to chsys.o(i.chSysHalt) for chSysHalt
    i2c_lld.o(i.osalThreadResumeI) refers to chthreads.o(i.chThdResumeI) for chThdResumeI
    i2c_lld.o(i.osalThreadSuspendTimeoutS) refers to chthreads.o(i.chThdSuspendTimeoutS) for chThdSuspendTimeoutS
    usb_lld.o(i.Vector14C) refers to usb_lld.o(i.usb_lld_serve_interrupt) for usb_lld_serve_interrupt
    usb_lld.o(i.Vector14C) refers to chcore_v7m.o(i._port_irq_epilogue) for _port_irq_epilogue
    usb_lld.o(i.Vector14C) refers to usb_lld.o(.bss) for USBD1
    usb_lld.o(i.osalSysPolledDelayX) refers to chsys.o(i.chSysPolledDelayX) for chSysPolledDelayX
    usb_lld.o(i.osalThreadDequeueAllI) refers to chthreads.o(i.chThdDequeueAllI) for chThdDequeueAllI
    usb_lld.o(i.osalThreadResumeI) refers to chthreads.o(i.chThdResumeI) for chThdResumeI
    usb_lld.o(i.otg_core_reset) refers to usb_lld.o(i.osalSysPolledDelayX) for osalSysPolledDelayX
    usb_lld.o(i.otg_epin_handler) refers to usb_lld.o(i.usb_lld_prepare_transmit) for usb_lld_prepare_transmit
    usb_lld.o(i.otg_epin_handler) refers to usb_lld.o(i.osalSysLockFromISR) for osalSysLockFromISR
    usb_lld.o(i.otg_epin_handler) refers to usb_lld.o(i.usb_lld_start_in) for usb_lld_start_in
    usb_lld.o(i.otg_epin_handler) refers to usb_lld.o(i.osalSysUnlockFromISR) for osalSysUnlockFromISR
    usb_lld.o(i.otg_epin_handler) refers to usb_lld.o(i.osalThreadResumeI) for osalThreadResumeI
    usb_lld.o(i.otg_epout_handler) refers to usb_lld.o(i.usb_lld_prepare_receive) for usb_lld_prepare_receive
    usb_lld.o(i.otg_epout_handler) refers to usb_lld.o(i.osalSysLockFromISR) for osalSysLockFromISR
    usb_lld.o(i.otg_epout_handler) refers to usb_lld.o(i.usb_lld_start_out) for usb_lld_start_out
    usb_lld.o(i.otg_epout_handler) refers to usb_lld.o(i.osalSysUnlockFromISR) for osalSysUnlockFromISR
    usb_lld.o(i.otg_fifo_read_to_queue) refers to usb_lld.o(i.otg_do_pop) for otg_do_pop
    usb_lld.o(i.otg_fifo_read_to_queue) refers to usb_lld.o(i.osalSysLock) for osalSysLock
    usb_lld.o(i.otg_fifo_read_to_queue) refers to usb_lld.o(i.osalThreadDequeueAllI) for osalThreadDequeueAllI
    usb_lld.o(i.otg_fifo_read_to_queue) refers to chschd.o(i.chSchRescheduleS) for chSchRescheduleS
    usb_lld.o(i.otg_fifo_read_to_queue) refers to usb_lld.o(i.osalSysUnlock) for osalSysUnlock
    usb_lld.o(i.otg_fifo_write_from_buffer) refers to usb_lld.o(i.otg_do_push) for otg_do_push
    usb_lld.o(i.otg_fifo_write_from_queue) refers to usb_lld.o(i.otg_do_push) for otg_do_push
    usb_lld.o(i.otg_fifo_write_from_queue) refers to usb_lld.o(i.osalSysLock) for osalSysLock
    usb_lld.o(i.otg_fifo_write_from_queue) refers to usb_lld.o(i.osalThreadDequeueAllI) for osalThreadDequeueAllI
    usb_lld.o(i.otg_fifo_write_from_queue) refers to chschd.o(i.chSchRescheduleS) for chSchRescheduleS
    usb_lld.o(i.otg_fifo_write_from_queue) refers to usb_lld.o(i.osalSysUnlock) for osalSysUnlock
    usb_lld.o(i.otg_rxfifo_flush) refers to usb_lld.o(i.osalSysPolledDelayX) for osalSysPolledDelayX
    usb_lld.o(i.otg_rxfifo_handler) refers to usb_lld.o(i.otg_fifo_read_to_buffer) for otg_fifo_read_to_buffer
    usb_lld.o(i.otg_rxfifo_handler) refers to usb_lld.o(i.otg_fifo_read_to_queue) for otg_fifo_read_to_queue
    usb_lld.o(i.otg_txfifo_flush) refers to usb_lld.o(i.osalSysPolledDelayX) for osalSysPolledDelayX
    usb_lld.o(i.otg_txfifo_handler) refers to usb_lld.o(i.otg_fifo_write_from_queue) for otg_fifo_write_from_queue
    usb_lld.o(i.otg_txfifo_handler) refers to usb_lld.o(i.otg_fifo_write_from_buffer) for otg_fifo_write_from_buffer
    usb_lld.o(i.usb_lld_disable_endpoints) refers to usb_lld.o(i.otg_ram_reset) for otg_ram_reset
    usb_lld.o(i.usb_lld_disable_endpoints) refers to usb_lld.o(i.otg_disable_ep) for otg_disable_ep
    usb_lld.o(i.usb_lld_init) refers to usb.o(i.usbObjectInit) for usbObjectInit
    usb_lld.o(i.usb_lld_init) refers to chthreads.o(i._thread_memfill) for _thread_memfill
    usb_lld.o(i.usb_lld_init) refers to usb_lld.o(.bss) for USBD1
    usb_lld.o(i.usb_lld_init) refers to usb_lld.o(.constdata) for fsparams
    usb_lld.o(i.usb_lld_init_endpoint) refers to usb_lld.o(i.otg_ram_alloc) for otg_ram_alloc
    usb_lld.o(i.usb_lld_init_endpoint) refers to usb_lld.o(i.otg_txfifo_flush) for otg_txfifo_flush
    usb_lld.o(i.usb_lld_pump) refers to usb_lld.o(i.osalSysLock) for osalSysLock
    usb_lld.o(i.usb_lld_pump) refers to chthreads.o(i.chThdSuspendS) for chThdSuspendS
    usb_lld.o(i.usb_lld_pump) refers to usb_lld.o(i.osalSysUnlock) for osalSysUnlock
    usb_lld.o(i.usb_lld_pump) refers to usb_lld.o(i.otg_rxfifo_handler) for otg_rxfifo_handler
    usb_lld.o(i.usb_lld_pump) refers to usb_lld.o(i.otg_txfifo_handler) for otg_txfifo_handler
    usb_lld.o(i.usb_lld_pump) refers to chschd.o(.bss) for ch
    usb_lld.o(i.usb_lld_reset) refers to usb_lld.o(i.otg_txfifo_flush) for otg_txfifo_flush
    usb_lld.o(i.usb_lld_reset) refers to usb_lld.o(i.otg_ram_reset) for otg_ram_reset
    usb_lld.o(i.usb_lld_reset) refers to usb_lld.o(i.otg_rxfifo_flush) for otg_rxfifo_flush
    usb_lld.o(i.usb_lld_reset) refers to usb_lld.o(i.otg_ram_alloc) for otg_ram_alloc
    usb_lld.o(i.usb_lld_reset) refers to usb_lld.o(.constdata) for ep0config
    usb_lld.o(i.usb_lld_serve_interrupt) refers to usb.o(i._usb_reset) for _usb_reset
    usb_lld.o(i.usb_lld_serve_interrupt) refers to usb_lld.o(i.osalSysLockFromISR) for osalSysLockFromISR
    usb_lld.o(i.usb_lld_serve_interrupt) refers to usb_lld.o(i.osalThreadResumeI) for osalThreadResumeI
    usb_lld.o(i.usb_lld_serve_interrupt) refers to usb_lld.o(i.osalSysUnlockFromISR) for osalSysUnlockFromISR
    usb_lld.o(i.usb_lld_serve_interrupt) refers to usb_lld.o(i.otg_epin_handler) for otg_epin_handler
    usb_lld.o(i.usb_lld_serve_interrupt) refers to usb_lld.o(i.otg_epout_handler) for otg_epout_handler
    usb_lld.o(i.usb_lld_start) refers to nvic.o(i.nvicEnableVector) for nvicEnableVector
    usb_lld.o(i.usb_lld_start) refers to usb_lld.o(i.otg_core_reset) for otg_core_reset
    usb_lld.o(i.usb_lld_start) refers to usb_lld.o(i.otg_disable_ep) for otg_disable_ep
    usb_lld.o(i.usb_lld_start) refers to chthreads.o(i.chThdCreateI) for chThdCreateI
    usb_lld.o(i.usb_lld_start) refers to chschd.o(i.chSchReadyI) for chSchReadyI
    usb_lld.o(i.usb_lld_start) refers to chschd.o(i.chSchRescheduleS) for chSchRescheduleS
    usb_lld.o(i.usb_lld_start) refers to usb_lld.o(.bss) for USBD1
    usb_lld.o(i.usb_lld_start) refers to usb_lld.o(i.usb_lld_pump) for usb_lld_pump
    usb_lld.o(i.usb_lld_stop) refers to usb_lld.o(i.otg_disable_ep) for otg_disable_ep
    usb_lld.o(i.usb_lld_stop) refers to nvic.o(i.nvicDisableVector) for nvicDisableVector
    usb_lld.o(i.usb_lld_stop) refers to usb_lld.o(.bss) for USBD1
    usb_lld.o(.constdata) refers to usb.o(i._usb_ep0setup) for _usb_ep0setup
    usb_lld.o(.constdata) refers to usb.o(i._usb_ep0in) for _usb_ep0in
    usb_lld.o(.constdata) refers to usb.o(i._usb_ep0out) for _usb_ep0out
    usb_lld.o(.constdata) refers to usb_lld.o(.bss) for ep0_state
    usb_lld.o(.constdata) refers to usb_lld.o(.data) for ep0setup_buffer
    spi_lld.o(i.osalSysHalt) refers to chsys.o(i.chSysHalt) for chSysHalt
    spi_lld.o(i.spi_lld_ignore) refers to spi_lld.o(.data) for dummyrx
    spi_lld.o(i.spi_lld_init) refers to spi.o(i.spiObjectInit) for spiObjectInit
    spi_lld.o(i.spi_lld_init) refers to spi_lld.o(.data) for dummytx
    spi_lld.o(i.spi_lld_init) refers to spi_lld.o(.bss) for SPID1
    spi_lld.o(i.spi_lld_init) refers to stm32_dma.o(.constdata) for _stm32_dma_streams
    spi_lld.o(i.spi_lld_receive) refers to spi_lld.o(.data) for dummytx
    spi_lld.o(i.spi_lld_send) refers to spi_lld.o(.data) for dummyrx
    spi_lld.o(i.spi_lld_serve_rx_interrupt) refers to spi_lld.o(i.osalSysHalt) for osalSysHalt
    spi_lld.o(i.spi_lld_serve_rx_interrupt) refers to chthreads.o(i.chThdResumeI) for chThdResumeI
    spi_lld.o(i.spi_lld_serve_tx_interrupt) refers to spi_lld.o(i.osalSysHalt) for osalSysHalt
    spi_lld.o(i.spi_lld_start) refers to stm32_dma.o(i.dmaStreamAllocate) for dmaStreamAllocate
    spi_lld.o(i.spi_lld_start) refers to spi_lld.o(.bss) for SPID1
    spi_lld.o(i.spi_lld_start) refers to spi_lld.o(i.spi_lld_serve_rx_interrupt) for spi_lld_serve_rx_interrupt
    spi_lld.o(i.spi_lld_start) refers to spi_lld.o(i.spi_lld_serve_tx_interrupt) for spi_lld_serve_tx_interrupt
    spi_lld.o(i.spi_lld_stop) refers to stm32_dma.o(i.dmaStreamRelease) for dmaStreamRelease
    spi_lld.o(i.spi_lld_stop) refers to spi_lld.o(.bss) for SPID1
    icu_lld.o(i.VectorA0) refers to icu_lld.o(i.icu_lld_serve_interrupt) for icu_lld_serve_interrupt
    icu_lld.o(i.VectorA0) refers to chcore_v7m.o(i._port_irq_epilogue) for _port_irq_epilogue
    icu_lld.o(i.VectorA0) refers to icu_lld.o(.bss) for ICUD9
    icu_lld.o(i.VectorB8) refers to icu_lld.o(i.icu_lld_serve_interrupt) for icu_lld_serve_interrupt
    icu_lld.o(i.VectorB8) refers to chcore_v7m.o(i._port_irq_epilogue) for _port_irq_epilogue
    icu_lld.o(i.VectorB8) refers to icu_lld.o(.bss) for ICUD4
    icu_lld.o(i.icu_lld_init) refers to icu.o(i.icuObjectInit) for icuObjectInit
    icu_lld.o(i.icu_lld_init) refers to icu_lld.o(.bss) for ICUD4
    icu_lld.o(i.icu_lld_start) refers to nvic.o(i.nvicEnableVector) for nvicEnableVector
    icu_lld.o(i.icu_lld_start) refers to icu_lld.o(.bss) for ICUD4
    icu_lld.o(i.icu_lld_stop) refers to nvic.o(i.nvicDisableVector) for nvicDisableVector
    icu_lld.o(i.icu_lld_stop) refers to icu_lld.o(.bss) for ICUD4
    icu_lld.o(i.icu_lld_wait_capture) refers to icu_lld.o(i.icu_lld_wait_edge) for icu_lld_wait_edge
    st_lld.o(i.SysTick_Handler) refers to chsys.o(i.chSysTimerHandlerI) for chSysTimerHandlerI
    st_lld.o(i.SysTick_Handler) refers to chcore_v7m.o(i._port_irq_epilogue) for _port_irq_epilogue
    st_lld.o(i.st_lld_init) refers to nvic.o(i.nvicSetSystemHandlerPriority) for nvicSetSystemHandlerPriority
    serial_lld.o(i.Vector110) refers to serial_lld.o(i.serve_interrupt) for serve_interrupt
    serial_lld.o(i.Vector110) refers to chcore_v7m.o(i._port_irq_epilogue) for _port_irq_epilogue
    serial_lld.o(i.Vector110) refers to serial_lld.o(.bss) for SD4
    serial_lld.o(i.Vector114) refers to serial_lld.o(i.serve_interrupt) for serve_interrupt
    serial_lld.o(i.Vector114) refers to chcore_v7m.o(i._port_irq_epilogue) for _port_irq_epilogue
    serial_lld.o(i.Vector114) refers to serial_lld.o(.bss) for SD5
    serial_lld.o(i.Vector15C) refers to serial_lld.o(i.serve_interrupt) for serve_interrupt
    serial_lld.o(i.Vector15C) refers to chcore_v7m.o(i._port_irq_epilogue) for _port_irq_epilogue
    serial_lld.o(i.Vector15C) refers to serial_lld.o(.bss) for SD6
    serial_lld.o(i.VectorD4) refers to serial_lld.o(i.serve_interrupt) for serve_interrupt
    serial_lld.o(i.VectorD4) refers to chcore_v7m.o(i._port_irq_epilogue) for _port_irq_epilogue
    serial_lld.o(i.VectorD4) refers to serial_lld.o(.bss) for SD1
    serial_lld.o(i.VectorD8) refers to serial_lld.o(i.serve_interrupt) for serve_interrupt
    serial_lld.o(i.VectorD8) refers to chcore_v7m.o(i._port_irq_epilogue) for _port_irq_epilogue
    serial_lld.o(i.VectorD8) refers to serial_lld.o(.bss) for SD2
    serial_lld.o(i.VectorDC) refers to serial_lld.o(i.serve_interrupt) for serve_interrupt
    serial_lld.o(i.VectorDC) refers to chcore_v7m.o(i._port_irq_epilogue) for _port_irq_epilogue
    serial_lld.o(i.VectorDC) refers to serial_lld.o(.bss) for SD3
    serial_lld.o(i.osalEventBroadcastFlagsI) refers to chevents.o(i.chEvtBroadcastFlagsI) for chEvtBroadcastFlagsI
    serial_lld.o(i.sd_lld_init) refers to serial.o(i.sdObjectInit) for sdObjectInit
    serial_lld.o(i.sd_lld_init) refers to serial_lld.o(i.notify1) for notify1
    serial_lld.o(i.sd_lld_init) refers to serial_lld.o(.bss) for SD1
    serial_lld.o(i.sd_lld_init) refers to serial_lld.o(i.notify2) for notify2
    serial_lld.o(i.sd_lld_init) refers to serial_lld.o(i.notify3) for notify3
    serial_lld.o(i.sd_lld_init) refers to serial_lld.o(i.notify4) for notify4
    serial_lld.o(i.sd_lld_init) refers to serial_lld.o(i.notify5) for notify5
    serial_lld.o(i.sd_lld_init) refers to serial_lld.o(i.notify6) for notify6
    serial_lld.o(i.sd_lld_start) refers to nvic.o(i.nvicEnableVector) for nvicEnableVector
    serial_lld.o(i.sd_lld_start) refers to serial_lld.o(i.usart_init) for usart_init
    serial_lld.o(i.sd_lld_start) refers to serial_lld.o(.constdata) for default_config
    serial_lld.o(i.sd_lld_start) refers to serial_lld.o(.bss) for SD1
    serial_lld.o(i.sd_lld_stop) refers to serial_lld.o(i.usart_deinit) for usart_deinit
    serial_lld.o(i.sd_lld_stop) refers to nvic.o(i.nvicDisableVector) for nvicDisableVector
    serial_lld.o(i.sd_lld_stop) refers to serial_lld.o(.bss) for SD1
    serial_lld.o(i.serve_interrupt) refers to serial_lld.o(i.osalSysLockFromISR) for osalSysLockFromISR
    serial_lld.o(i.serve_interrupt) refers to serial_lld.o(i.osalEventBroadcastFlagsI) for osalEventBroadcastFlagsI
    serial_lld.o(i.serve_interrupt) refers to serial_lld.o(i.osalSysUnlockFromISR) for osalSysUnlockFromISR
    serial_lld.o(i.serve_interrupt) refers to serial_lld.o(i.set_error) for set_error
    serial_lld.o(i.serve_interrupt) refers to serial.o(i.sdIncomingDataI) for sdIncomingDataI
    serial_lld.o(i.serve_interrupt) refers to chqueues.o(i.chOQGetI) for chOQGetI
    serial_lld.o(i.set_error) refers to serial_lld.o(i.osalEventBroadcastFlagsI) for osalEventBroadcastFlagsI
    minilzo.o(i.__lzo_align_gap) refers to minilzo.o(i.__lzo_ptr_linear) for __lzo_ptr_linear
    minilzo.o(i.__lzo_init_v2) refers to minilzo.o(i._lzo_config_check) for _lzo_config_check
    minilzo.o(i._lzo_config_check) refers to minilzo.o(i.u2p) for u2p
    minilzo.o(i._lzo_version_date) refers to minilzo.o(.constdata) for lzo_version_date_
    minilzo.o(i._lzo_version_string) refers to minilzo.o(.constdata) for lzo_version_string_
    minilzo.o(i.lzo1x_1_compress) refers to minilzo.o(i.lzo_memset) for lzo_memset
    minilzo.o(i.lzo1x_1_compress) refers to minilzo.o(i.lzo1x_1_compress_core) for lzo1x_1_compress_core
    minilzo.o(i.lzo_copyright) refers to minilzo.o(.constdata) for lzo_copyright_
    minilzo.o(i.lzo_memcmp) refers to memcmp.o(.text) for memcmp
    minilzo.o(i.lzo_memcpy) refers to memmove.o(.text) for memcpy
    minilzo.o(i.lzo_memmove) refers to memmove.o(.text) for memmove
    minilzo.o(i.lzo_memset) refers to memseta.o(.text) for memset
    minilzo.o(i.lzo_version_date) refers to minilzo.o(.constdata) for lzo_version_date_
    minilzo.o(i.lzo_version_string) refers to minilzo.o(.constdata) for lzo_version_string_
    canard.o(i.bufferBlockPushBytes) refers to canard.o(i.createBufferBlock) for createBufferBlock
    canard.o(i.canardBroadcast) refers to canard.o(i.canardGetLocalNodeID) for canardGetLocalNodeID
    canard.o(i.canardBroadcast) refers to canard.o(i.crcAdd) for crcAdd
    canard.o(i.canardBroadcast) refers to canard.o(i.crcAddSignature) for crcAddSignature
    canard.o(i.canardBroadcast) refers to canard.o(i.enqueueTxFrames) for enqueueTxFrames
    canard.o(i.canardBroadcast) refers to canard.o(i.incrementTransferID) for incrementTransferID
    canard.o(i.canardCleanupStaleTransfers) refers to canard.o(i.releaseStatePayload) for releaseStatePayload
    canard.o(i.canardCleanupStaleTransfers) refers to canard.o(i.freeBlock) for freeBlock
    canard.o(i.canardConvertFloat16ToNativeFloat) refers to canard.o(.constdata) for .constdata
    canard.o(i.canardConvertNativeFloatToFloat16) refers to canard.o(.constdata) for .constdata
    canard.o(i.canardDecodeScalar) refers to canard.o(i.descatterTransferPayload) for descatterTransferPayload
    canard.o(i.canardDecodeScalar) refers to canard.o(i.isBigEndian) for isBigEndian
    canard.o(i.canardDecodeScalar) refers to canard.o(i.swapByteOrder) for swapByteOrder
    canard.o(i.canardDecodeScalar) refers to llshl.o(.text) for __aeabi_llsl
    canard.o(i.canardEncodeScalar) refers to canard.o(i.isBigEndian) for isBigEndian
    canard.o(i.canardEncodeScalar) refers to canard.o(i.swapByteOrder) for swapByteOrder
    canard.o(i.canardEncodeScalar) refers to canard.o(i.copyBitArray) for copyBitArray
    canard.o(i.canardHandleRxFrame) refers to canard.o(i.extractTransferType) for extractTransferType
    canard.o(i.canardHandleRxFrame) refers to canard.o(i.canardGetLocalNodeID) for canardGetLocalNodeID
    canard.o(i.canardHandleRxFrame) refers to canard.o(i.extractDataType) for extractDataType
    canard.o(i.canardHandleRxFrame) refers to canard.o(i.traverseRxStates) for traverseRxStates
    canard.o(i.canardHandleRxFrame) refers to canard.o(i.crcAddSignature) for crcAddSignature
    canard.o(i.canardHandleRxFrame) refers to canard.o(i.findRxState) for findRxState
    canard.o(i.canardHandleRxFrame) refers to canard.o(i.computeTransferIDForwardDistance) for computeTransferIDForwardDistance
    canard.o(i.canardHandleRxFrame) refers to canard.o(i.releaseStatePayload) for releaseStatePayload
    canard.o(i.canardHandleRxFrame) refers to memseta.o(.text) for __aeabi_memclr4
    canard.o(i.canardHandleRxFrame) refers to canard.o(i.prepareForNextTransfer) for prepareForNextTransfer
    canard.o(i.canardHandleRxFrame) refers to canard.o(i.bufferBlockPushBytes) for bufferBlockPushBytes
    canard.o(i.canardHandleRxFrame) refers to canard.o(i.crcAdd) for crcAdd
    canard.o(i.canardHandleRxFrame) refers to canard.o(i.canardReleaseRxTransferPayload) for canardReleaseRxTransferPayload
    canard.o(i.canardInit) refers to memseta.o(.text) for __aeabi_memclr4
    canard.o(i.canardInit) refers to canard.o(i.initPoolAllocator) for initPoolAllocator
    canard.o(i.canardPopTxQueue) refers to canard.o(i.freeBlock) for freeBlock
    canard.o(i.canardReleaseRxTransferPayload) refers to canard.o(i.freeBlock) for freeBlock
    canard.o(i.canardRequestOrRespond) refers to canard.o(i.canardGetLocalNodeID) for canardGetLocalNodeID
    canard.o(i.canardRequestOrRespond) refers to canard.o(i.crcAddSignature) for crcAddSignature
    canard.o(i.canardRequestOrRespond) refers to canard.o(i.crcAdd) for crcAdd
    canard.o(i.canardRequestOrRespond) refers to canard.o(i.enqueueTxFrames) for enqueueTxFrames
    canard.o(i.canardRequestOrRespond) refers to canard.o(i.incrementTransferID) for incrementTransferID
    canard.o(i.crcAdd) refers to canard.o(i.crcAddByte) for crcAddByte
    canard.o(i.crcAddSignature) refers to llushr.o(.text) for __aeabi_llsr
    canard.o(i.crcAddSignature) refers to canard.o(i.crcAddByte) for crcAddByte
    canard.o(i.createBufferBlock) refers to canard.o(i.allocateBlock) for allocateBlock
    canard.o(i.createRxState) refers to memseta.o(.text) for __aeabi_memclr4
    canard.o(i.createRxState) refers to canard.o(i.allocateBlock) for allocateBlock
    canard.o(i.createRxState) refers to memmove.o(.text) for __aeabi_memcpy4
    canard.o(i.createTxItem) refers to canard.o(i.allocateBlock) for allocateBlock
    canard.o(i.createTxItem) refers to memseta.o(.text) for __aeabi_memclr4
    canard.o(i.descatterTransferPayload) refers to canard.o(i.copyBitArray) for copyBitArray
    canard.o(i.enqueueTxFrames) refers to canard.o(i.createTxItem) for createTxItem
    canard.o(i.enqueueTxFrames) refers to memmove.o(.text) for __aeabi_memcpy
    canard.o(i.enqueueTxFrames) refers to canard.o(i.pushTxQueue) for pushTxQueue
    canard.o(i.extractDataType) refers to canard.o(i.extractTransferType) for extractTransferType
    canard.o(i.prependRxState) refers to canard.o(i.createRxState) for createRxState
    canard.o(i.pushTxQueue) refers to canard.o(i.isPriorityHigher) for isPriorityHigher
    canard.o(i.releaseStatePayload) refers to canard.o(i.freeBlock) for freeBlock
    canard.o(i.traverseRxStates) refers to canard.o(i.createRxState) for createRxState
    canard.o(i.traverseRxStates) refers to canard.o(i.findRxState) for findRxState
    canard.o(i.traverseRxStates) refers to canard.o(i.prependRxState) for prependRxState
    canard_driver.o(i.calculateTotalCurrent) refers to mc_interface.o(i.mc_interface_get_tot_current) for mc_interface_get_tot_current
    canard_driver.o(i.calculateTotalCurrent) refers to mc_interface.o(i.mc_interface_get_input_voltage_filtered) for mc_interface_get_input_voltage_filtered
    canard_driver.o(i.calculateTotalCurrent) refers to canard_driver.o(i.chVTGetSystemTimeX) for chVTGetSystemTimeX
    canard_driver.o(i.calculateTotalCurrent) refers to commands.o(i.commands_printf) for commands_printf
    canard_driver.o(i.calculateTotalCurrent) refers to f2d.o(.text) for __aeabi_f2d
    canard_driver.o(i.calculateTotalCurrent) refers to canard_driver.o(.bss) for stat_msgs
    canard_driver.o(i.calculateTotalCurrent) refers to canard_driver.o(.data) for debug_level
    canard_driver.o(i.canard_driver_init) refers to chthreads.o(i.chThdCreateStatic) for chThdCreateStatic
    canard_driver.o(i.canard_driver_init) refers to terminal.o(i.terminal_register_command_callback) for terminal_register_command_callback
    canard_driver.o(i.canard_driver_init) refers to canard_driver.o(.data) for debug_level
    canard_driver.o(i.canard_driver_init) refers to canard_driver.o(.bss) for stat_msgs
    canard_driver.o(i.canard_driver_init) refers to canard_driver.o(i.canard_thread) for canard_thread
    canard_driver.o(i.canard_driver_init) refers to canard_driver.o(i.terminal_debug_on) for terminal_debug_on
    canard_driver.o(i.canard_driver_init) refers to canard_driver.o(.conststring) for .conststring
    canard_driver.o(i.canard_thread) refers to canard.o(i.canardInit) for canardInit
    canard_driver.o(i.canard_thread) refers to app.o(i.app_get_configuration) for app_get_configuration
    canard_driver.o(i.canard_thread) refers to chthreads.o(i.chThdSleep) for chThdSleep
    canard_driver.o(i.canard_thread) refers to canard.o(i.canardSetLocalNodeID) for canardSetLocalNodeID
    canard_driver.o(i.canard_thread) refers to memmove.o(.text) for __aeabi_memcpy4
    canard_driver.o(i.canard_thread) refers to canard_driver.o(i.chVTGetSystemTimeX) for chVTGetSystemTimeX
    canard_driver.o(i.canard_thread) refers to canard.o(i.canardHandleRxFrame) for canardHandleRxFrame
    canard_driver.o(i.canard_thread) refers to comm_can.o(i.comm_can_get_rx_frame) for comm_can_get_rx_frame
    canard_driver.o(i.canard_thread) refers to comm_can.o(i.comm_can_transmit_eid) for comm_can_transmit_eid
    canard_driver.o(i.canard_thread) refers to canard.o(i.canardPopTxQueue) for canardPopTxQueue
    canard_driver.o(i.canard_thread) refers to canard.o(i.canardPeekTxQueue) for canardPeekTxQueue
    canard_driver.o(i.canard_thread) refers to canard_driver.o(i.chVTTimeElapsedSinceX) for chVTTimeElapsedSinceX
    canard_driver.o(i.canard_thread) refers to canard.o(i.canardCleanupStaleTransfers) for canardCleanupStaleTransfers
    canard_driver.o(i.canard_thread) refers to canard_driver.o(i.sendNodeStatus) for sendNodeStatus
    canard_driver.o(i.canard_thread) refers to canard_driver.o(i.sendEscStatus) for sendEscStatus
    canard_driver.o(i.canard_thread) refers to canard_driver.o(i.calculateTotalCurrent) for calculateTotalCurrent
    canard_driver.o(i.canard_thread) refers to mc_interface.o(i.mc_interface_get_configuration) for mc_interface_get_configuration
    canard_driver.o(i.canard_thread) refers to f2d.o(.text) for __aeabi_f2d
    canard_driver.o(i.canard_thread) refers to commands.o(i.commands_printf) for commands_printf
    canard_driver.o(i.canard_thread) refers to canard_driver.o(i.refresh_parameters) for refresh_parameters
    canard_driver.o(i.canard_thread) refers to canard_driver.o(i.send_fw_read) for send_fw_read
    canard_driver.o(i.canard_thread) refers to flash_helper.o(i.flash_helper_jump_to_bootloader) for flash_helper_jump_to_bootloader
    canard_driver.o(i.canard_thread) refers to chschd.o(.bss) for ch
    canard_driver.o(i.canard_thread) refers to canard_driver.o(i.shouldAcceptTransfer) for shouldAcceptTransfer
    canard_driver.o(i.canard_thread) refers to canard_driver.o(i.onTransferReceived) for onTransferReceived
    canard_driver.o(i.canard_thread) refers to canard_driver.o(.bss) for canard_memory_pool
    canard_driver.o(i.canard_thread) refers to canard_driver.o(.data) for my_node_id
    canard_driver.o(i.chVTGetSystemTimeX) refers to chschd.o(.bss) for ch
    canard_driver.o(i.chVTTimeElapsedSinceX) refers to canard_driver.o(i.chVTGetSystemTimeX) for chVTGetSystemTimeX
    canard_driver.o(i.getParamByIndex) refers to commands.o(i.commands_printf) for commands_printf
    canard_driver.o(i.getParamByIndex) refers to canard_driver.o(.data) for debug_level
    canard_driver.o(i.getParamByName) refers to commands.o(i.commands_printf) for commands_printf
    canard_driver.o(i.getParamByName) refers to strcmp.o(.text) for strcmp
    canard_driver.o(i.getParamByName) refers to canard_driver.o(.data) for debug_level
    canard_driver.o(i.handle_begin_firmware_update) refers to canard.o(i.canardDecodeScalar) for canardDecodeScalar
    canard_driver.o(i.handle_begin_firmware_update) refers to canard_driver.o(i.chVTGetSystemTimeX) for chVTGetSystemTimeX
    canard_driver.o(i.handle_begin_firmware_update) refers to canard.o(i.canardRequestOrRespond) for canardRequestOrRespond
    canard_driver.o(i.handle_begin_firmware_update) refers to flash_helper.o(i.flash_helper_erase_new_app) for flash_helper_erase_new_app
    canard_driver.o(i.handle_begin_firmware_update) refers to commands.o(i.commands_printf) for commands_printf
    canard_driver.o(i.handle_begin_firmware_update) refers to canard_driver.o(i.send_fw_read) for send_fw_read
    canard_driver.o(i.handle_begin_firmware_update) refers to canard_driver.o(.bss) for fw_update
    canard_driver.o(i.handle_begin_firmware_update) refers to canard_driver.o(.data) for last_read_file_req
    canard_driver.o(i.handle_esc_raw_command) refers to memseta.o(.text) for __aeabi_memclr4
    canard_driver.o(i.handle_esc_raw_command) refers to esc_rawcommand.o(i.uavcan_equipment_esc_RawCommand_decode_internal) for uavcan_equipment_esc_RawCommand_decode_internal
    canard_driver.o(i.handle_esc_raw_command) refers to app.o(i.app_get_configuration) for app_get_configuration
    canard_driver.o(i.handle_esc_raw_command) refers to f2d.o(.text) for __aeabi_f2d
    canard_driver.o(i.handle_esc_raw_command) refers to ddiv.o(.text) for __aeabi_ddiv
    canard_driver.o(i.handle_esc_raw_command) refers to d2f.o(.text) for __aeabi_d2f
    canard_driver.o(i.handle_esc_raw_command) refers to mc_interface.o(i.mc_interface_set_current_rel) for mc_interface_set_current_rel
    canard_driver.o(i.handle_esc_raw_command) refers to cdrcmple.o(.text) for __aeabi_cdrcmple
    canard_driver.o(i.handle_esc_raw_command) refers to mc_interface.o(i.mc_interface_set_brake_current_rel) for mc_interface_set_brake_current_rel
    canard_driver.o(i.handle_esc_raw_command) refers to mc_interface.o(i.mc_interface_set_duty) for mc_interface_set_duty
    canard_driver.o(i.handle_esc_raw_command) refers to mc_interface.o(i.mc_interface_set_pid_speed) for mc_interface_set_pid_speed
    canard_driver.o(i.handle_esc_raw_command) refers to timeout.o(i.timeout_reset) for timeout_reset
    canard_driver.o(i.handle_esc_rpm_command) refers to memseta.o(.text) for __aeabi_memclr4
    canard_driver.o(i.handle_esc_rpm_command) refers to esc_rpmcommand.o(i.uavcan_equipment_esc_RPMCommand_decode_internal) for uavcan_equipment_esc_RPMCommand_decode_internal
    canard_driver.o(i.handle_esc_rpm_command) refers to app.o(i.app_get_configuration) for app_get_configuration
    canard_driver.o(i.handle_esc_rpm_command) refers to mc_interface.o(i.mc_interface_set_pid_speed) for mc_interface_set_pid_speed
    canard_driver.o(i.handle_esc_rpm_command) refers to timeout.o(i.timeout_reset) for timeout_reset
    canard_driver.o(i.handle_esc_status) refers to esc_status.o(i.uavcan_equipment_esc_Status_decode_internal) for uavcan_equipment_esc_Status_decode_internal
    canard_driver.o(i.handle_esc_status) refers to canard_driver.o(i.chVTGetSystemTimeX) for chVTGetSystemTimeX
    canard_driver.o(i.handle_esc_status) refers to memmove.o(.text) for __aeabi_memcpy4
    canard_driver.o(i.handle_esc_status) refers to canard_driver.o(.bss) for stat_msgs
    canard_driver.o(i.handle_file_read_response) refers to canard.o(i.canardDecodeScalar) for canardDecodeScalar
    canard_driver.o(i.handle_file_read_response) refers to malloc.o(i.malloc) for malloc
    canard_driver.o(i.handle_file_read_response) refers to commands.o(i.commands_printf) for commands_printf
    canard_driver.o(i.handle_file_read_response) refers to nrf_driver.o(i.nrf_driver_ext_nrf_running) for nrf_driver_ext_nrf_running
    canard_driver.o(i.handle_file_read_response) refers to nrf_driver.o(i.nrf_driver_pause) for nrf_driver_pause
    canard_driver.o(i.handle_file_read_response) refers to flash_helper.o(i.flash_helper_write_new_app_data) for flash_helper_write_new_app_data
    canard_driver.o(i.handle_file_read_response) refers to crc.o(i.crc16) for crc16
    canard_driver.o(i.handle_file_read_response) refers to uldiv.o(.text) for __aeabi_uldivmod
    canard_driver.o(i.handle_file_read_response) refers to buffer.o(i.buffer_get_uint32) for buffer_get_uint32
    canard_driver.o(i.handle_file_read_response) refers to buffer.o(i.buffer_get_uint16) for buffer_get_uint16
    canard_driver.o(i.handle_file_read_response) refers to buffer.o(i.buffer_append_uint32) for buffer_append_uint32
    canard_driver.o(i.handle_file_read_response) refers to buffer.o(i.buffer_append_uint16) for buffer_append_uint16
    canard_driver.o(i.handle_file_read_response) refers to canard_driver.o(i.chVTGetSystemTimeX) for chVTGetSystemTimeX
    canard_driver.o(i.handle_file_read_response) refers to malloc.o(i.free) for free
    canard_driver.o(i.handle_file_read_response) refers to canard_driver.o(.bss) for fw_update
    canard_driver.o(i.handle_file_read_response) refers to canard_driver.o(.data) for debug_level
    canard_driver.o(i.handle_file_read_response) refers to canard_driver.o(.constdata) for flash_addr
    canard_driver.o(i.handle_get_node_info) refers to canard_driver.o(i.chVTGetSystemTimeX) for chVTGetSystemTimeX
    canard_driver.o(i.handle_get_node_info) refers to canard_driver.o(i.readUniqueID) for readUniqueID
    canard_driver.o(i.handle_get_node_info) refers to malloc.o(i.malloc) for malloc
    canard_driver.o(i.handle_get_node_info) refers to strcpy.o(.text) for strcpy
    canard_driver.o(i.handle_get_node_info) refers to canard.o(i.canardRequestOrRespond) for canardRequestOrRespond
    canard_driver.o(i.handle_get_node_info) refers to commands.o(i.commands_printf) for commands_printf
    canard_driver.o(i.handle_get_node_info) refers to malloc.o(i.free) for free
    canard_driver.o(i.handle_get_node_info) refers to canard_driver.o(.bss) for node_status
    canard_driver.o(i.handle_get_node_info) refers to canard_driver.o(.data) for debug_level
    canard_driver.o(i.handle_param_getset) refers to memseta.o(.text) for __aeabi_memclr4
    canard_driver.o(i.handle_param_getset) refers to commands.o(i.commands_printf) for commands_printf
    canard_driver.o(i.handle_param_getset) refers to strncpy.o(.text) for strncpy
    canard_driver.o(i.handle_param_getset) refers to canard_driver.o(i.getParamByName) for getParamByName
    canard_driver.o(i.handle_param_getset) refers to canard_driver.o(i.getParamByIndex) for getParamByIndex
    canard_driver.o(i.handle_param_getset) refers to strlen.o(.text) for strlen
    canard_driver.o(i.handle_param_getset) refers to ffltl.o(.text) for __aeabi_l2f
    canard_driver.o(i.handle_param_getset) refers to ffixl.o(.text) for __aeabi_f2lz
    canard_driver.o(i.handle_param_getset) refers to canard_driver.o(i.write_app_config) for write_app_config
    canard_driver.o(i.handle_param_getset) refers to canard.o(i.canardRequestOrRespond) for canardRequestOrRespond
    canard_driver.o(i.handle_param_getset) refers to canard_driver.o(.data) for debug_level
    canard_driver.o(i.onTransferReceived) refers to commands.o(i.commands_printf) for commands_printf
    canard_driver.o(i.onTransferReceived) refers to canard_driver.o(i.handle_get_node_info) for handle_get_node_info
    canard_driver.o(i.onTransferReceived) refers to canard_driver.o(i.handle_esc_raw_command) for handle_esc_raw_command
    canard_driver.o(i.onTransferReceived) refers to canard_driver.o(i.handle_esc_rpm_command) for handle_esc_rpm_command
    canard_driver.o(i.onTransferReceived) refers to canard_driver.o(i.handle_esc_status) for handle_esc_status
    canard_driver.o(i.onTransferReceived) refers to canard_driver.o(i.handle_restart_node) for handle_restart_node
    canard_driver.o(i.onTransferReceived) refers to canard_driver.o(i.handle_param_getset) for handle_param_getset
    canard_driver.o(i.onTransferReceived) refers to canard_driver.o(i.handle_begin_firmware_update) for handle_begin_firmware_update
    canard_driver.o(i.onTransferReceived) refers to canard_driver.o(i.handle_file_read_response) for handle_file_read_response
    canard_driver.o(i.onTransferReceived) refers to canard_driver.o(.data) for debug_level
    canard_driver.o(i.readUniqueID) refers to memseta.o(.text) for __aeabi_memclr
    canard_driver.o(i.refresh_parameters) refers to app.o(i.app_get_configuration) for app_get_configuration
    canard_driver.o(i.refresh_parameters) refers to canard_driver.o(i.updateParamByName) for updateParamByName
    canard_driver.o(i.sendEscStatus) refers to mc_interface.o(i.mc_interface_get_tot_current) for mc_interface_get_tot_current
    canard_driver.o(i.sendEscStatus) refers to mc_interface.o(i.mc_interface_get_fault) for mc_interface_get_fault
    canard_driver.o(i.sendEscStatus) refers to app.o(i.app_get_configuration) for app_get_configuration
    canard_driver.o(i.sendEscStatus) refers to mc_interface.o(i.mc_interface_get_configuration) for mc_interface_get_configuration
    canard_driver.o(i.sendEscStatus) refers to f2d.o(.text) for __aeabi_f2d
    canard_driver.o(i.sendEscStatus) refers to dmul.o(.text) for __aeabi_dmul
    canard_driver.o(i.sendEscStatus) refers to dfixui.o(.text) for __aeabi_d2uiz
    canard_driver.o(i.sendEscStatus) refers to mc_interface.o(i.mc_interface_get_rpm) for mc_interface_get_rpm
    canard_driver.o(i.sendEscStatus) refers to mc_interface.o(i.mc_interface_temp_fet_filtered) for mc_interface_temp_fet_filtered
    canard_driver.o(i.sendEscStatus) refers to dadd.o(.text) for __aeabi_dadd
    canard_driver.o(i.sendEscStatus) refers to d2f.o(.text) for __aeabi_d2f
    canard_driver.o(i.sendEscStatus) refers to mc_interface.o(i.mc_interface_get_input_voltage_filtered) for mc_interface_get_input_voltage_filtered
    canard_driver.o(i.sendEscStatus) refers to esc_status.o(i.uavcan_equipment_esc_Status_encode) for uavcan_equipment_esc_Status_encode
    canard_driver.o(i.sendEscStatus) refers to commands.o(i.commands_printf) for commands_printf
    canard_driver.o(i.sendEscStatus) refers to canard.o(i.canardBroadcast) for canardBroadcast
    canard_driver.o(i.sendEscStatus) refers to canard_driver.o(.data) for debug_level
    canard_driver.o(i.sendEscStatus) refers to canard_driver.o(.bss) for canard
    canard_driver.o(i.sendNodeStatus) refers to canard_driver.o(i.chVTGetSystemTimeX) for chVTGetSystemTimeX
    canard_driver.o(i.sendNodeStatus) refers to canard.o(i.canardBroadcast) for canardBroadcast
    canard_driver.o(i.sendNodeStatus) refers to canard_driver.o(.bss) for fw_update
    canard_driver.o(i.sendNodeStatus) refers to canard_driver.o(.data) for node_mode
    canard_driver.o(i.send_fw_read) refers to canard_driver.o(i.chVTGetSystemTimeX) for chVTGetSystemTimeX
    canard_driver.o(i.send_fw_read) refers to canard.o(i.canardEncodeScalar) for canardEncodeScalar
    canard_driver.o(i.send_fw_read) refers to strlen.o(.text) for strlen
    canard_driver.o(i.send_fw_read) refers to canard.o(i.canardRequestOrRespond) for canardRequestOrRespond
    canard_driver.o(i.send_fw_read) refers to canard_driver.o(.bss) for fw_update
    canard_driver.o(i.shouldAcceptTransfer) refers to commands.o(i.commands_printf) for commands_printf
    canard_driver.o(i.shouldAcceptTransfer) refers to canard_driver.o(.data) for debug_level
    canard_driver.o(i.terminal_debug_on) refers to _scanf_int.o(.text) for _scanf_int
    canard_driver.o(i.terminal_debug_on) refers to __0sscanf.o(.text) for __0sscanf
    canard_driver.o(i.terminal_debug_on) refers to commands.o(i.commands_printf) for commands_printf
    canard_driver.o(i.terminal_debug_on) refers to canard_driver.o(.data) for debug_level
    canard_driver.o(i.updateParamByName) refers to canard_driver.o(i.getParamByName) for getParamByName
    canard_driver.o(i.updateParamByName) refers to ffltl.o(.text) for __aeabi_l2f
    canard_driver.o(i.updateParamByName) refers to f2d.o(.text) for __aeabi_f2d
    canard_driver.o(i.updateParamByName) refers to dfltl.o(.text) for __aeabi_l2d
    canard_driver.o(i.updateParamByName) refers to commands.o(i.commands_printf) for commands_printf
    canard_driver.o(i.updateParamByName) refers to ffixl.o(.text) for __aeabi_f2lz
    canard_driver.o(i.updateParamByName) refers to canard_driver.o(.data) for debug_level
    canard_driver.o(i.write_app_config) refers to mempools.o(i.mempools_alloc_appconf) for mempools_alloc_appconf
    canard_driver.o(i.write_app_config) refers to app.o(i.app_get_configuration) for app_get_configuration
    canard_driver.o(i.write_app_config) refers to memmove.o(.text) for __aeabi_memcpy4
    canard_driver.o(i.write_app_config) refers to canard_driver.o(i.getParamByName) for getParamByName
    canard_driver.o(i.write_app_config) refers to conf_general.o(i.conf_general_store_app_configuration) for conf_general_store_app_configuration
    canard_driver.o(i.write_app_config) refers to app.o(i.app_set_configuration) for app_set_configuration
    canard_driver.o(i.write_app_config) refers to mempools.o(i.mempools_free_appconf) for mempools_free_appconf
    canard_driver.o(i.write_app_config) refers to canard_driver.o(.data) for refresh_parameters_enabled
    canard_driver.o(.data) refers to canard_driver.o(.conststring) for .conststring
    esc_rawcommand.o(i.uavcan_equipment_esc_RawCommand_decode) refers to esc_rawcommand.o(i.uavcan_equipment_esc_RawCommand_decode_internal) for uavcan_equipment_esc_RawCommand_decode_internal
    esc_rawcommand.o(i.uavcan_equipment_esc_RawCommand_decode_internal) refers to canard.o(i.canardDecodeScalar) for canardDecodeScalar
    esc_rawcommand.o(i.uavcan_equipment_esc_RawCommand_encode) refers to esc_rawcommand.o(i.uavcan_equipment_esc_RawCommand_encode_internal) for uavcan_equipment_esc_RawCommand_encode_internal
    esc_rawcommand.o(i.uavcan_equipment_esc_RawCommand_encode_internal) refers to canard.o(i.canardEncodeScalar) for canardEncodeScalar
    esc_rpmcommand.o(i.uavcan_equipment_esc_RPMCommand_decode) refers to esc_rpmcommand.o(i.uavcan_equipment_esc_RPMCommand_decode_internal) for uavcan_equipment_esc_RPMCommand_decode_internal
    esc_rpmcommand.o(i.uavcan_equipment_esc_RPMCommand_decode_internal) refers to canard.o(i.canardDecodeScalar) for canardDecodeScalar
    esc_rpmcommand.o(i.uavcan_equipment_esc_RPMCommand_encode) refers to esc_rpmcommand.o(i.uavcan_equipment_esc_RPMCommand_encode_internal) for uavcan_equipment_esc_RPMCommand_encode_internal
    esc_rpmcommand.o(i.uavcan_equipment_esc_RPMCommand_encode_internal) refers to canard.o(i.canardEncodeScalar) for canardEncodeScalar
    esc_status.o(i.uavcan_equipment_esc_Status_decode) refers to esc_status.o(i.uavcan_equipment_esc_Status_decode_internal) for uavcan_equipment_esc_Status_decode_internal
    esc_status.o(i.uavcan_equipment_esc_Status_decode_internal) refers to canard.o(i.canardDecodeScalar) for canardDecodeScalar
    esc_status.o(i.uavcan_equipment_esc_Status_decode_internal) refers to canard.o(i.canardConvertFloat16ToNativeFloat) for canardConvertFloat16ToNativeFloat
    esc_status.o(i.uavcan_equipment_esc_Status_encode) refers to esc_status.o(i.uavcan_equipment_esc_Status_encode_internal) for uavcan_equipment_esc_Status_encode_internal
    esc_status.o(i.uavcan_equipment_esc_Status_encode_internal) refers to canard.o(i.canardEncodeScalar) for canardEncodeScalar
    esc_status.o(i.uavcan_equipment_esc_Status_encode_internal) refers to canard.o(i.canardConvertNativeFloatToFloat16) for canardConvertNativeFloatToFloat16
    asinf.o(i.__hardfp_asinf) refers (Special) to iusefp.o(.text) for __I$use$fp
    asinf.o(i.__hardfp_asinf) refers to sqrtf.o(i.sqrtf) for sqrtf
    asinf.o(i.__hardfp_asinf) refers to fpclassifyf.o(i.__ARM_fpclassifyf) for __ARM_fpclassifyf
    asinf.o(i.__hardfp_asinf) refers to funder.o(i.__mathlib_flt_underflow) for __mathlib_flt_underflow
    asinf.o(i.__hardfp_asinf) refers to funder.o(i.__mathlib_flt_infnan) for __mathlib_flt_infnan
    asinf.o(i.__hardfp_asinf) refers to errno.o(i.__set_errno) for __set_errno
    asinf.o(i.__hardfp_asinf) refers to funder.o(i.__mathlib_flt_invalid) for __mathlib_flt_invalid
    asinf.o(i.__softfp_asinf) refers (Special) to iusefp.o(.text) for __I$use$fp
    asinf.o(i.__softfp_asinf) refers to asinf.o(i.__hardfp_asinf) for __hardfp_asinf
    asinf.o(i.asinf) refers (Special) to iusefp.o(.text) for __I$use$fp
    asinf.o(i.asinf) refers to asinf.o(i.__hardfp_asinf) for __hardfp_asinf
    asinf_x.o(i.____hardfp_asinf$lsc) refers (Special) to iusefp.o(.text) for __I$use$fp
    asinf_x.o(i.____hardfp_asinf$lsc) refers to sqrtf.o(i.sqrtf) for sqrtf
    asinf_x.o(i.____hardfp_asinf$lsc) refers to funder.o(i.__mathlib_flt_infnan) for __mathlib_flt_infnan
    asinf_x.o(i.____hardfp_asinf$lsc) refers to errno.o(i.__set_errno) for __set_errno
    asinf_x.o(i.____softfp_asinf$lsc) refers (Special) to iusefp.o(.text) for __I$use$fp
    asinf_x.o(i.____softfp_asinf$lsc) refers to asinf_x.o(i.____hardfp_asinf$lsc) for ____hardfp_asinf$lsc
    asinf_x.o(i.__asinf$lsc) refers (Special) to iusefp.o(.text) for __I$use$fp
    asinf_x.o(i.__asinf$lsc) refers to asinf_x.o(i.____hardfp_asinf$lsc) for ____hardfp_asinf$lsc
    atan2f.o(i.__hardfp_atan2f) refers (Special) to iusefp.o(.text) for __I$use$fp
    atan2f.o(i.__hardfp_atan2f) refers to fpclassifyf.o(i.__ARM_fpclassifyf) for __ARM_fpclassifyf
    atan2f.o(i.__hardfp_atan2f) refers to funder.o(i.__mathlib_flt_underflow) for __mathlib_flt_underflow
    atan2f.o(i.__hardfp_atan2f) refers to errno.o(i.__set_errno) for __set_errno
    atan2f.o(i.__hardfp_atan2f) refers to funder.o(i.__mathlib_flt_infnan2) for __mathlib_flt_infnan2
    atan2f.o(i.__softfp_atan2f) refers (Special) to iusefp.o(.text) for __I$use$fp
    atan2f.o(i.__softfp_atan2f) refers to atan2f.o(i.__hardfp_atan2f) for __hardfp_atan2f
    atan2f.o(i.atan2f) refers (Special) to iusefp.o(.text) for __I$use$fp
    atan2f.o(i.atan2f) refers to atan2f.o(i.__hardfp_atan2f) for __hardfp_atan2f
    atan2f_x.o(i.____hardfp_atan2f$lsc) refers (Special) to iusefp.o(.text) for __I$use$fp
    atan2f_x.o(i.____hardfp_atan2f$lsc) refers to fpclassifyf.o(i.__ARM_fpclassifyf) for __ARM_fpclassifyf
    atan2f_x.o(i.____hardfp_atan2f$lsc) refers to errno.o(i.__set_errno) for __set_errno
    atan2f_x.o(i.____hardfp_atan2f$lsc) refers to funder.o(i.__mathlib_flt_infnan2) for __mathlib_flt_infnan2
    atan2f_x.o(i.____softfp_atan2f$lsc) refers (Special) to iusefp.o(.text) for __I$use$fp
    atan2f_x.o(i.____softfp_atan2f$lsc) refers to atan2f_x.o(i.____hardfp_atan2f$lsc) for ____hardfp_atan2f$lsc
    atan2f_x.o(i.__atan2f$lsc) refers (Special) to iusefp.o(.text) for __I$use$fp
    atan2f_x.o(i.__atan2f$lsc) refers to atan2f_x.o(i.____hardfp_atan2f$lsc) for ____hardfp_atan2f$lsc
    cosf.o(i.__hardfp_cosf) refers (Special) to iusefp.o(.text) for __I$use$fp
    cosf.o(i.__hardfp_cosf) refers to rredf.o(i.__mathlib_rredf2) for __mathlib_rredf2
    cosf.o(i.__hardfp_cosf) refers to errno.o(i.__set_errno) for __set_errno
    cosf.o(i.__hardfp_cosf) refers to funder.o(i.__mathlib_flt_invalid) for __mathlib_flt_invalid
    cosf.o(i.__hardfp_cosf) refers to funder.o(i.__mathlib_flt_infnan) for __mathlib_flt_infnan
    cosf.o(i.__softfp_cosf) refers (Special) to iusefp.o(.text) for __I$use$fp
    cosf.o(i.__softfp_cosf) refers to cosf.o(i.__hardfp_cosf) for __hardfp_cosf
    cosf.o(i.cosf) refers (Special) to iusefp.o(.text) for __I$use$fp
    cosf.o(i.cosf) refers to cosf.o(i.__hardfp_cosf) for __hardfp_cosf
    cosf_x.o(i.____hardfp_cosf$lsc) refers (Special) to iusefp.o(.text) for __I$use$fp
    cosf_x.o(i.____hardfp_cosf$lsc) refers to rredf.o(i.__mathlib_rredf2) for __mathlib_rredf2
    cosf_x.o(i.____hardfp_cosf$lsc) refers to errno.o(i.__set_errno) for __set_errno
    cosf_x.o(i.____hardfp_cosf$lsc) refers to funder.o(i.__mathlib_flt_infnan) for __mathlib_flt_infnan
    cosf_x.o(i.____softfp_cosf$lsc) refers (Special) to iusefp.o(.text) for __I$use$fp
    cosf_x.o(i.____softfp_cosf$lsc) refers to cosf_x.o(i.____hardfp_cosf$lsc) for ____hardfp_cosf$lsc
    cosf_x.o(i.__cosf$lsc) refers (Special) to iusefp.o(.text) for __I$use$fp
    cosf_x.o(i.__cosf$lsc) refers to cosf_x.o(i.____hardfp_cosf$lsc) for ____hardfp_cosf$lsc
    expf.o(i.__hardfp_expf) refers (Special) to iusefp.o(.text) for __I$use$fp
    expf.o(i.__hardfp_expf) refers to errno.o(i.__set_errno) for __set_errno
    expf.o(i.__hardfp_expf) refers to funder.o(i.__mathlib_flt_underflow) for __mathlib_flt_underflow
    expf.o(i.__hardfp_expf) refers to funder.o(i.__mathlib_flt_infnan) for __mathlib_flt_infnan
    expf.o(i.__hardfp_expf) refers to funder.o(i.__mathlib_flt_overflow) for __mathlib_flt_overflow
    expf.o(i.__hardfp_expf) refers to fpclassifyf.o(i.__ARM_fpclassifyf) for __ARM_fpclassifyf
    expf.o(i.__hardfp_expf) refers to expf.o(.constdata) for .constdata
    expf.o(i.__softfp_expf) refers (Special) to iusefp.o(.text) for __I$use$fp
    expf.o(i.__softfp_expf) refers to expf.o(i.__hardfp_expf) for __hardfp_expf
    expf.o(i.expf) refers (Special) to iusefp.o(.text) for __I$use$fp
    expf.o(i.expf) refers to expf.o(i.__hardfp_expf) for __hardfp_expf
    expf.o(.constdata) refers (Special) to iusefp.o(.text) for __I$use$fp
    expf_x.o(i.____hardfp_expf$lsc) refers (Special) to iusefp.o(.text) for __I$use$fp
    expf_x.o(i.____hardfp_expf$lsc) refers to errno.o(i.__set_errno) for __set_errno
    expf_x.o(i.____hardfp_expf$lsc) refers to funder.o(i.__mathlib_flt_infnan) for __mathlib_flt_infnan
    expf_x.o(i.____hardfp_expf$lsc) refers to fpstat.o(.text) for __ieee_status
    expf_x.o(i.____hardfp_expf$lsc) refers to expf_x.o(.constdata) for .constdata
    expf_x.o(i.____softfp_expf$lsc) refers (Special) to iusefp.o(.text) for __I$use$fp
    expf_x.o(i.____softfp_expf$lsc) refers to expf_x.o(i.____hardfp_expf$lsc) for ____hardfp_expf$lsc
    expf_x.o(i.__expf$lsc) refers (Special) to iusefp.o(.text) for __I$use$fp
    expf_x.o(i.__expf$lsc) refers to expf_x.o(i.____hardfp_expf$lsc) for ____hardfp_expf$lsc
    expf_x.o(.constdata) refers (Special) to iusefp.o(.text) for __I$use$fp
    fabs.o(i.__hardfp_fabs) refers (Special) to iusefp.o(.text) for __I$use$fp
    fabs.o(i.__softfp_fabs) refers (Special) to iusefp.o(.text) for __I$use$fp
    fabs.o(i.fabs) refers (Special) to iusefp.o(.text) for __I$use$fp
    floorf.o(i.__hardfp_floorf) refers (Special) to iusefp.o(.text) for __I$use$fp
    floorf.o(i.__softfp_floorf) refers (Special) to iusefp.o(.text) for __I$use$fp
    floorf.o(i.floorf) refers (Special) to iusefp.o(.text) for __I$use$fp
    fmodf.o(i.__hardfp_fmodf) refers (Special) to iusefp.o(.text) for __I$use$fp
    fmodf.o(i.__hardfp_fmodf) refers to frem.o(.text) for _frem
    fmodf.o(i.__hardfp_fmodf) refers to errno.o(i.__set_errno) for __set_errno
    fmodf.o(i.__hardfp_fmodf) refers to funder.o(i.__mathlib_flt_invalid) for __mathlib_flt_invalid
    fmodf.o(i.__softfp_fmodf) refers (Special) to iusefp.o(.text) for __I$use$fp
    fmodf.o(i.__softfp_fmodf) refers to fmodf.o(i.__hardfp_fmodf) for __hardfp_fmodf
    fmodf.o(i.fmodf) refers (Special) to iusefp.o(.text) for __I$use$fp
    fmodf.o(i.fmodf) refers to fmodf.o(i.__hardfp_fmodf) for __hardfp_fmodf
    fmodf_x.o(i.____hardfp_fmodf$lsc) refers (Special) to iusefp.o(.text) for __I$use$fp
    fmodf_x.o(i.____hardfp_fmodf$lsc) refers to frem.o(.text) for _frem
    fmodf_x.o(i.____hardfp_fmodf$lsc) refers to errno.o(i.__set_errno) for __set_errno
    fmodf_x.o(i.____softfp_fmodf$lsc) refers (Special) to iusefp.o(.text) for __I$use$fp
    fmodf_x.o(i.____softfp_fmodf$lsc) refers to fmodf_x.o(i.____hardfp_fmodf$lsc) for ____hardfp_fmodf$lsc
    fmodf_x.o(i.__fmodf$lsc) refers (Special) to iusefp.o(.text) for __I$use$fp
    fmodf_x.o(i.__fmodf$lsc) refers to fmodf_x.o(i.____hardfp_fmodf$lsc) for ____hardfp_fmodf$lsc
    frexpf.o(i.__hardfp_frexpf) refers (Special) to iusefp.o(.text) for __I$use$fp
    frexpf.o(i.__softfp_frexpf) refers (Special) to iusefp.o(.text) for __I$use$fp
    frexpf.o(i.frexpf) refers (Special) to iusefp.o(.text) for __I$use$fp
    ldexpf.o(i.__hardfp_ldexpf) refers (Special) to iusefp.o(.text) for __I$use$fp
    ldexpf.o(i.__hardfp_ldexpf) refers to fscalb.o(.text) for __ARM_scalbnf
    ldexpf.o(i.__hardfp_ldexpf) refers to errno.o(i.__set_errno) for __set_errno
    ldexpf.o(i.__hardfp_ldexpf) refers to funder.o(i.__mathlib_flt_underflow) for __mathlib_flt_underflow
    ldexpf.o(i.__hardfp_ldexpf) refers to funder.o(i.__mathlib_flt_overflow) for __mathlib_flt_overflow
    ldexpf.o(i.__softfp_ldexpf) refers (Special) to iusefp.o(.text) for __I$use$fp
    ldexpf.o(i.__softfp_ldexpf) refers to ldexpf.o(i.__hardfp_ldexpf) for __hardfp_ldexpf
    ldexpf.o(i.ldexpf) refers (Special) to iusefp.o(.text) for __I$use$fp
    ldexpf.o(i.ldexpf) refers to ldexpf.o(i.__hardfp_ldexpf) for __hardfp_ldexpf
    ldexpf_x.o(i.____hardfp_ldexpf$lsc) refers (Special) to iusefp.o(.text) for __I$use$fp
    ldexpf_x.o(i.____hardfp_ldexpf$lsc) refers to fpstat.o(.text) for __ieee_status
    ldexpf_x.o(i.____hardfp_ldexpf$lsc) refers to fscalb.o(.text) for __ARM_scalbnf
    ldexpf_x.o(i.____hardfp_ldexpf$lsc) refers to errno.o(i.__set_errno) for __set_errno
    ldexpf_x.o(i.____softfp_ldexpf$lsc) refers (Special) to iusefp.o(.text) for __I$use$fp
    ldexpf_x.o(i.____softfp_ldexpf$lsc) refers to ldexpf_x.o(i.____hardfp_ldexpf$lsc) for ____hardfp_ldexpf$lsc
    ldexpf_x.o(i.__ldexpf$lsc) refers (Special) to iusefp.o(.text) for __I$use$fp
    ldexpf_x.o(i.__ldexpf$lsc) refers to ldexpf_x.o(i.____hardfp_ldexpf$lsc) for ____hardfp_ldexpf$lsc
    logf.o(i.__hardfp_logf) refers (Special) to iusefp.o(.text) for __I$use$fp
    logf.o(i.__hardfp_logf) refers to funder.o(i.__mathlib_flt_infnan) for __mathlib_flt_infnan
    logf.o(i.__hardfp_logf) refers to errno.o(i.__set_errno) for __set_errno
    logf.o(i.__hardfp_logf) refers to funder.o(i.__mathlib_flt_invalid) for __mathlib_flt_invalid
    logf.o(i.__hardfp_logf) refers to funder.o(i.__mathlib_flt_divzero) for __mathlib_flt_divzero
    logf.o(i.__hardfp_logf) refers to logf.o(.constdata) for .constdata
    logf.o(i.__softfp_logf) refers (Special) to iusefp.o(.text) for __I$use$fp
    logf.o(i.__softfp_logf) refers to logf.o(i.__hardfp_logf) for __hardfp_logf
    logf.o(i.logf) refers (Special) to iusefp.o(.text) for __I$use$fp
    logf.o(i.logf) refers to logf.o(i.__hardfp_logf) for __hardfp_logf
    logf.o(.constdata) refers (Special) to iusefp.o(.text) for __I$use$fp
    logf_x.o(i.____hardfp_logf$lsc) refers (Special) to iusefp.o(.text) for __I$use$fp
    logf_x.o(i.____hardfp_logf$lsc) refers to funder.o(i.__mathlib_flt_infnan) for __mathlib_flt_infnan
    logf_x.o(i.____hardfp_logf$lsc) refers to errno.o(i.__set_errno) for __set_errno
    logf_x.o(i.____hardfp_logf$lsc) refers to logf_x.o(.constdata) for .constdata
    logf_x.o(i.____softfp_logf$lsc) refers (Special) to iusefp.o(.text) for __I$use$fp
    logf_x.o(i.____softfp_logf$lsc) refers to logf_x.o(i.____hardfp_logf$lsc) for ____hardfp_logf$lsc
    logf_x.o(i.__logf$lsc) refers (Special) to iusefp.o(.text) for __I$use$fp
    logf_x.o(i.__logf$lsc) refers to logf_x.o(i.____hardfp_logf$lsc) for ____hardfp_logf$lsc
    logf_x.o(.constdata) refers (Special) to iusefp.o(.text) for __I$use$fp
    powf.o(i.__hardfp_powf) refers (Special) to iusefp.o(.text) for __I$use$fp
    powf.o(i.__hardfp_powf) refers to fpstat.o(.text) for __ieee_status
    powf.o(i.__hardfp_powf) refers to errno.o(i.__set_errno) for __set_errno
    powf.o(i.__hardfp_powf) refers to funder.o(i.__mathlib_flt_overflow) for __mathlib_flt_overflow
    powf.o(i.__hardfp_powf) refers to fpclassifyf.o(i.__ARM_fpclassifyf) for __ARM_fpclassifyf
    powf.o(i.__hardfp_powf) refers to funder.o(i.__mathlib_flt_underflow) for __mathlib_flt_underflow
    powf.o(i.__hardfp_powf) refers to funder.o(i.__mathlib_flt_invalid) for __mathlib_flt_invalid
    powf.o(i.__hardfp_powf) refers to powf.o(.constdata) for .constdata
    powf.o(i.__hardfp_powf) refers to funder.o(i.__mathlib_flt_infnan2) for __mathlib_flt_infnan2
    powf.o(i.__hardfp_powf) refers to funder.o(i.__mathlib_flt_divzero) for __mathlib_flt_divzero
    powf.o(i.__softfp_powf) refers (Special) to iusefp.o(.text) for __I$use$fp
    powf.o(i.__softfp_powf) refers to powf.o(i.__hardfp_powf) for __hardfp_powf
    powf.o(i.powf) refers (Special) to iusefp.o(.text) for __I$use$fp
    powf.o(i.powf) refers to powf.o(i.__hardfp_powf) for __hardfp_powf
    powf.o(.constdata) refers (Special) to iusefp.o(.text) for __I$use$fp
    powf_x.o(i.____hardfp_powf$lsc) refers (Special) to iusefp.o(.text) for __I$use$fp
    powf_x.o(i.____hardfp_powf$lsc) refers to fpstat.o(.text) for __ieee_status
    powf_x.o(i.____hardfp_powf$lsc) refers to errno.o(i.__set_errno) for __set_errno
    powf_x.o(i.____hardfp_powf$lsc) refers to powf_x.o(.constdata) for .constdata
    powf_x.o(i.____hardfp_powf$lsc) refers to funder.o(i.__mathlib_flt_infnan2) for __mathlib_flt_infnan2
    powf_x.o(i.____softfp_powf$lsc) refers (Special) to iusefp.o(.text) for __I$use$fp
    powf_x.o(i.____softfp_powf$lsc) refers to powf_x.o(i.____hardfp_powf$lsc) for ____hardfp_powf$lsc
    powf_x.o(i.__powf$lsc) refers (Special) to iusefp.o(.text) for __I$use$fp
    powf_x.o(i.__powf$lsc) refers to powf_x.o(i.____hardfp_powf$lsc) for ____hardfp_powf$lsc
    powf_x.o(.constdata) refers (Special) to iusefp.o(.text) for __I$use$fp
    sinf.o(i.__hardfp_sinf) refers (Special) to iusefp.o(.text) for __I$use$fp
    sinf.o(i.__hardfp_sinf) refers to rredf.o(i.__mathlib_rredf2) for __mathlib_rredf2
    sinf.o(i.__hardfp_sinf) refers to fpclassifyf.o(i.__ARM_fpclassifyf) for __ARM_fpclassifyf
    sinf.o(i.__hardfp_sinf) refers to funder.o(i.__mathlib_flt_underflow) for __mathlib_flt_underflow
    sinf.o(i.__hardfp_sinf) refers to errno.o(i.__set_errno) for __set_errno
    sinf.o(i.__hardfp_sinf) refers to funder.o(i.__mathlib_flt_invalid) for __mathlib_flt_invalid
    sinf.o(i.__hardfp_sinf) refers to funder.o(i.__mathlib_flt_infnan) for __mathlib_flt_infnan
    sinf.o(i.__softfp_sinf) refers (Special) to iusefp.o(.text) for __I$use$fp
    sinf.o(i.__softfp_sinf) refers to sinf.o(i.__hardfp_sinf) for __hardfp_sinf
    sinf.o(i.sinf) refers (Special) to iusefp.o(.text) for __I$use$fp
    sinf.o(i.sinf) refers to sinf.o(i.__hardfp_sinf) for __hardfp_sinf
    sinf_x.o(i.____hardfp_sinf$lsc) refers (Special) to iusefp.o(.text) for __I$use$fp
    sinf_x.o(i.____hardfp_sinf$lsc) refers to rredf.o(i.__mathlib_rredf2) for __mathlib_rredf2
    sinf_x.o(i.____hardfp_sinf$lsc) refers to errno.o(i.__set_errno) for __set_errno
    sinf_x.o(i.____hardfp_sinf$lsc) refers to funder.o(i.__mathlib_flt_infnan) for __mathlib_flt_infnan
    sinf_x.o(i.____softfp_sinf$lsc) refers (Special) to iusefp.o(.text) for __I$use$fp
    sinf_x.o(i.____softfp_sinf$lsc) refers to sinf_x.o(i.____hardfp_sinf$lsc) for ____hardfp_sinf$lsc
    sinf_x.o(i.__sinf$lsc) refers (Special) to iusefp.o(.text) for __I$use$fp
    sinf_x.o(i.__sinf$lsc) refers to sinf_x.o(i.____hardfp_sinf$lsc) for ____hardfp_sinf$lsc
    sqrt.o(i.__hardfp_sqrt) refers (Special) to iusefp.o(.text) for __I$use$fp
    sqrt.o(i.__hardfp_sqrt) refers to dsqrt.o(.text) for _dsqrt
    sqrt.o(i.__hardfp_sqrt) refers to errno.o(i.__set_errno) for __set_errno
    sqrt.o(i.__softfp_sqrt) refers (Special) to iusefp.o(.text) for __I$use$fp
    sqrt.o(i.__softfp_sqrt) refers to dsqrt.o(.text) for _dsqrt
    sqrt.o(i.__softfp_sqrt) refers to errno.o(i.__set_errno) for __set_errno
    sqrt.o(i.sqrt) refers (Special) to iusefp.o(.text) for __I$use$fp
    sqrt.o(i.sqrt) refers to dsqrt.o(.text) for _dsqrt
    sqrt.o(i.sqrt) refers to errno.o(i.__set_errno) for __set_errno
    sqrt_x.o(i.____hardfp_sqrt$lsc) refers (Special) to iusefp.o(.text) for __I$use$fp
    sqrt_x.o(i.____hardfp_sqrt$lsc) refers to cdcmple.o(.text) for __aeabi_cdcmple
    sqrt_x.o(i.____hardfp_sqrt$lsc) refers to errno.o(i.__set_errno) for __set_errno
    sqrt_x.o(i.____hardfp_sqrt$lsc) refers to dsqrt.o(.text) for _dsqrt
    sqrt_x.o(i.____softfp_sqrt$lsc) refers (Special) to iusefp.o(.text) for __I$use$fp
    sqrt_x.o(i.____softfp_sqrt$lsc) refers to cdcmple.o(.text) for __aeabi_cdcmple
    sqrt_x.o(i.____softfp_sqrt$lsc) refers to errno.o(i.__set_errno) for __set_errno
    sqrt_x.o(i.____softfp_sqrt$lsc) refers to dsqrt.o(.text) for _dsqrt
    sqrt_x.o(i.__sqrt$lsc) refers (Special) to iusefp.o(.text) for __I$use$fp
    sqrt_x.o(i.__sqrt$lsc) refers to cdcmple.o(.text) for __aeabi_cdcmple
    sqrt_x.o(i.__sqrt$lsc) refers to errno.o(i.__set_errno) for __set_errno
    sqrt_x.o(i.__sqrt$lsc) refers to dsqrt.o(.text) for _dsqrt
    sqrtf.o(i.__hardfp_sqrtf) refers (Special) to iusefp.o(.text) for __I$use$fp
    sqrtf.o(i.__hardfp_sqrtf) refers to errno.o(i.__set_errno) for __set_errno
    sqrtf.o(i.__softfp_sqrtf) refers (Special) to iusefp.o(.text) for __I$use$fp
    sqrtf.o(i.__softfp_sqrtf) refers to errno.o(i.__set_errno) for __set_errno
    sqrtf.o(i.sqrtf) refers (Special) to iusefp.o(.text) for __I$use$fp
    sqrtf.o(i.sqrtf) refers to errno.o(i.__set_errno) for __set_errno
    sqrtf_x.o(i.____hardfp_sqrtf$lsc) refers (Special) to iusefp.o(.text) for __I$use$fp
    sqrtf_x.o(i.____hardfp_sqrtf$lsc) refers to errno.o(i.__set_errno) for __set_errno
    sqrtf_x.o(i.____softfp_sqrtf$lsc) refers (Special) to iusefp.o(.text) for __I$use$fp
    sqrtf_x.o(i.____softfp_sqrtf$lsc) refers to errno.o(i.__set_errno) for __set_errno
    sqrtf_x.o(i.__sqrtf$lsc) refers (Special) to iusefp.o(.text) for __I$use$fp
    sqrtf_x.o(i.__sqrtf$lsc) refers to errno.o(i.__set_errno) for __set_errno
    fmaxf.o(i.__hardfp_fmaxf) refers (Special) to iusefp.o(.text) for __I$use$fp
    fmaxf.o(i.__hardfp_fmaxf) refers to fcmp4.o(.text) for __ARM_fcmp4
    fmaxf.o(i.fmaxf) refers (Special) to iusefp.o(.text) for __I$use$fp
    fmaxf.o(i.fmaxf) refers to fcmp4.o(.text) for __ARM_fcmp4
    fminf.o(i.__hardfp_fminf) refers (Special) to iusefp.o(.text) for __I$use$fp
    fminf.o(i.__hardfp_fminf) refers to fcmp4.o(.text) for __ARM_fcmp4
    fminf.o(i.fminf) refers (Special) to iusefp.o(.text) for __I$use$fp
    fminf.o(i.fminf) refers to fcmp4.o(.text) for __ARM_fcmp4
    roundf.o(i.__hardfp_roundf) refers (Special) to iusefp.o(.text) for __I$use$fp
    roundf.o(i.__hardfp_roundf) refers to frnd.o(.text) for _frnd
    roundf.o(i.roundf) refers (Special) to iusefp.o(.text) for __I$use$fp
    roundf.o(i.roundf) refers to roundf.o(i.__hardfp_roundf) for __hardfp_roundf
    entry.o(.ARM.Collect$$$$00000000) refers (Special) to entry10a.o(.ARM.Collect$$$$0000000F) for __rt_final_cpp
    entry.o(.ARM.Collect$$$$00000000) refers (Special) to entry11a.o(.ARM.Collect$$$$00000011) for __rt_final_exit
    entry.o(.ARM.Collect$$$$00000000) refers (Special) to entry12b.o(.ARM.Collect$$$$0000000E) for __rt_lib_shutdown_fini
    entry.o(.ARM.Collect$$$$00000000) refers (Special) to entry7b.o(.ARM.Collect$$$$00000008) for _main_clock
    entry.o(.ARM.Collect$$$$00000000) refers (Special) to entry8b.o(.ARM.Collect$$$$0000000A) for _main_cpp_init
    entry.o(.ARM.Collect$$$$00000000) refers (Special) to entry9a.o(.ARM.Collect$$$$0000000B) for _main_init
    entry.o(.ARM.Collect$$$$00000000) refers (Special) to entry5.o(.ARM.Collect$$$$00000004) for _main_scatterload
    entry.o(.ARM.Collect$$$$00000000) refers (Special) to entry2.o(.ARM.Collect$$$$00000001) for _main_stk
    uldiv.o(.text) refers to llushr.o(.text) for __aeabi_llsr
    uldiv.o(.text) refers to llshl.o(.text) for __aeabi_llsl
    strtok.o(.text) refers to strtok.o(.data) for .data
    strtok_r.o(.text) refers to strtok_r.o(.data) for .data
    printfa.o(i.__0fprintf) refers (Special) to iusefp.o(.text) for __I$use$fp
    printfa.o(i.__0fprintf) refers to printfa.o(i._printf_core) for _printf_core
    printfa.o(i.__0fprintf) refers to fputc.o(i.fputc) for fputc
    printfa.o(i.__0printf) refers (Special) to iusefp.o(.text) for __I$use$fp
    printfa.o(i.__0printf) refers to printfa.o(i._printf_core) for _printf_core
    printfa.o(i.__0printf) refers to fputc.o(i.fputc) for fputc
    printfa.o(i.__0printf) refers to stdout.o(.data) for __stdout
    printfa.o(i.__0snprintf) refers (Special) to iusefp.o(.text) for __I$use$fp
    printfa.o(i.__0snprintf) refers to printfa.o(i._printf_core) for _printf_core
    printfa.o(i.__0snprintf) refers to printfa.o(i._snputc) for _snputc
    printfa.o(i.__0sprintf) refers (Special) to iusefp.o(.text) for __I$use$fp
    printfa.o(i.__0sprintf) refers to printfa.o(i._printf_core) for _printf_core
    printfa.o(i.__0sprintf) refers to printfa.o(i._sputc) for _sputc
    printfa.o(i.__0vfprintf) refers (Special) to iusefp.o(.text) for __I$use$fp
    printfa.o(i.__0vfprintf) refers to printfa.o(i._printf_core) for _printf_core
    printfa.o(i.__0vfprintf) refers to fputc.o(i.fputc) for fputc
    printfa.o(i.__0vprintf) refers (Special) to iusefp.o(.text) for __I$use$fp
    printfa.o(i.__0vprintf) refers to printfa.o(i._printf_core) for _printf_core
    printfa.o(i.__0vprintf) refers to fputc.o(i.fputc) for fputc
    printfa.o(i.__0vprintf) refers to stdout.o(.data) for __stdout
    printfa.o(i.__0vsnprintf) refers (Special) to iusefp.o(.text) for __I$use$fp
    printfa.o(i.__0vsnprintf) refers to printfa.o(i._printf_core) for _printf_core
    printfa.o(i.__0vsnprintf) refers to printfa.o(i._snputc) for _snputc
    printfa.o(i.__0vsprintf) refers (Special) to iusefp.o(.text) for __I$use$fp
    printfa.o(i.__0vsprintf) refers to printfa.o(i._printf_core) for _printf_core
    printfa.o(i.__0vsprintf) refers to printfa.o(i._sputc) for _sputc
    printfa.o(i._fp_digits) refers (Special) to iusefp.o(.text) for __I$use$fp
    printfa.o(i._fp_digits) refers to dmul.o(.text) for __aeabi_dmul
    printfa.o(i._fp_digits) refers to ddiv.o(.text) for __aeabi_ddiv
    printfa.o(i._fp_digits) refers to cdrcmple.o(.text) for __aeabi_cdrcmple
    printfa.o(i._fp_digits) refers to dadd.o(.text) for __aeabi_dadd
    printfa.o(i._fp_digits) refers to dfixul.o(.text) for __aeabi_d2ulz
    printfa.o(i._fp_digits) refers to uldiv.o(.text) for __aeabi_uldivmod
    printfa.o(i._printf_core) refers (Special) to iusefp.o(.text) for __I$use$fp
    printfa.o(i._printf_core) refers to printfa.o(i._printf_pre_padding) for _printf_pre_padding
    printfa.o(i._printf_core) refers to uldiv.o(.text) for __aeabi_uldivmod
    printfa.o(i._printf_core) refers to printfa.o(i._printf_post_padding) for _printf_post_padding
    printfa.o(i._printf_core) refers to printfa.o(i._fp_digits) for _fp_digits
    printfa.o(i._printf_core) refers to uidiv.o(.text) for __aeabi_uidivmod
    printfa.o(i._printf_post_padding) refers (Special) to iusefp.o(.text) for __I$use$fp
    printfa.o(i._printf_pre_padding) refers (Special) to iusefp.o(.text) for __I$use$fp
    printfa.o(i._snputc) refers (Special) to iusefp.o(.text) for __I$use$fp
    printfa.o(i._sputc) refers (Special) to iusefp.o(.text) for __I$use$fp
    malloc.o(i.free) refers to mvars.o(.data) for __microlib_freelist
    malloc.o(i.malloc) refers to mvars.o(.data) for __microlib_freelist_initialised
    malloc.o(i.malloc) refers to mvars.o(.data) for __microlib_freelist
    malloc.o(i.malloc) refers to cstartup.o(HEAP) for __heap_base
    mallocr.o(i.__free$realloc) refers to mvars.o(.data) for __microlib_freelist
    mallocr.o(i.__malloc$realloc) refers to mallocr.o(i.internal_alloc) for internal_alloc
    mallocr.o(i.__malloc$realloc) refers to mvars.o(.data) for __microlib_freelist_initialised
    mallocr.o(i.__malloc$realloc) refers to cstartup.o(HEAP) for __heap_base
    mallocr.o(i.__malloc$realloc) refers to mvars.o(.data) for __microlib_freelist
    mallocr.o(i.internal_alloc) refers to memmove.o(.text) for __aeabi_memcpy
    mallocr.o(i.internal_alloc) refers to mvars.o(.data) for __microlib_freelist
    mallocr.o(i.realloc) refers to mallocr.o(i.__free$realloc) for __free$realloc
    mallocr.o(i.realloc) refers to mallocr.o(i.internal_alloc) for internal_alloc
    mallocr.o(i.realloc) refers to mallocr.o(i.__malloc$realloc) for __malloc$realloc
    mallocr.o(i.realloc) refers to mvars.o(.data) for __microlib_freelist
    malloca.o(i.__aligned_malloc) refers to mvars.o(.data) for __microlib_freelist_initialised
    malloca.o(i.__aligned_malloc) refers to mvars.o(.data) for __microlib_freelist
    malloca.o(i.__aligned_malloc) refers to cstartup.o(HEAP) for __heap_base
    malloca.o(i.__free$memalign) refers to mvars.o(.data) for __microlib_freelist
    malloca.o(i.__malloc$memalign) refers to malloca.o(i.__aligned_malloc) for __aligned_malloc
    mallocra.o(i.__aligned_malloc$realloc) refers to mallocra.o(i.internal_alloc) for internal_alloc
    mallocra.o(i.__aligned_malloc$realloc) refers to mvars.o(.data) for __microlib_freelist_initialised
    mallocra.o(i.__aligned_malloc$realloc) refers to cstartup.o(HEAP) for __heap_base
    mallocra.o(i.__aligned_malloc$realloc) refers to mvars.o(.data) for __microlib_freelist
    mallocra.o(i.__free$realloc$memalign) refers to mvars.o(.data) for __microlib_freelist
    mallocra.o(i.__malloc$realloc$memalign) refers to mallocra.o(i.__aligned_malloc$realloc) for __aligned_malloc$realloc
    mallocra.o(i.__realloc$memalign) refers to mallocra.o(i.__free$realloc$memalign) for __free$realloc$memalign
    mallocra.o(i.__realloc$memalign) refers to mallocra.o(i.internal_alloc) for internal_alloc
    mallocra.o(i.__realloc$memalign) refers to mallocra.o(i.__malloc$realloc$memalign) for __malloc$realloc$memalign
    mallocra.o(i.__realloc$memalign) refers to mvars.o(.data) for __microlib_freelist
    mallocra.o(i.internal_alloc) refers to memmove.o(.text) for __aeabi_memcpy
    mallocra.o(i.internal_alloc) refers to mvars.o(.data) for __microlib_freelist
    __0sscanf.o(.text) refers to scanf_char.o(.text) for __vfscanf_char
    __0sscanf.o(.text) refers to _sgetc.o(.text) for _sgetc
    _scanf_int.o(.text) refers to _chval.o(.text) for _chval
    scanf_fp.o(.text) refers (Special) to iusefp.o(.text) for __I$use$fp
    scanf_fp.o(.text) refers to dfltul.o(.text) for __aeabi_ul2d
    scanf_fp.o(.text) refers to dmul.o(.text) for __aeabi_dmul
    scanf_fp.o(.text) refers to ddiv.o(.text) for __aeabi_ddiv
    scanf_fp.o(.text) refers to scanf_fp.o(i._is_digit) for _is_digit
    scanf_fp.o(.text) refers to d2f.o(.text) for __aeabi_d2f
    dadd.o(.text) refers (Special) to iusefp.o(.text) for __I$use$fp
    dadd.o(.text) refers to llshl.o(.text) for __aeabi_llsl
    dadd.o(.text) refers to llsshr.o(.text) for __aeabi_lasr
    dadd.o(.text) refers to depilogue.o(.text) for _double_epilogue
    dmul.o(.text) refers (Special) to iusefp.o(.text) for __I$use$fp
    dmul.o(.text) refers to depilogue.o(.text) for _double_epilogue
    ddiv.o(.text) refers (Special) to iusefp.o(.text) for __I$use$fp
    ddiv.o(.text) refers to depilogue.o(.text) for _double_round
    dneg.o(.text) refers (Special) to iusefp.o(.text) for __I$use$fp
    ffltl.o(.text) refers (Special) to iusefp.o(.text) for __I$use$fp
    ffltl.o(.text) refers to fepilogue.o(.text) for _float_epilogue
    dflti.o(.text) refers (Special) to iusefp.o(.text) for __I$use$fp
    dflti.o(.text) refers to depilogue.o(.text) for _double_epilogue
    dfltui.o(.text) refers (Special) to iusefp.o(.text) for __I$use$fp
    dfltui.o(.text) refers to depilogue.o(.text) for _double_epilogue
    dfltl.o(.text) refers (Special) to iusefp.o(.text) for __I$use$fp
    dfltl.o(.text) refers to depilogue.o(.text) for _double_epilogue
    ffixl.o(.text) refers (Special) to iusefp.o(.text) for __I$use$fp
    ffixl.o(.text) refers to llshl.o(.text) for __aeabi_llsl
    ffixul.o(.text) refers (Special) to iusefp.o(.text) for __I$use$fp
    ffixul.o(.text) refers to llshl.o(.text) for __aeabi_llsl
    dfixi.o(.text) refers (Special) to iusefp.o(.text) for __I$use$fp
    dfixi.o(.text) refers to llushr.o(.text) for __aeabi_llsr
    dfixui.o(.text) refers (Special) to iusefp.o(.text) for __I$use$fp
    dfixui.o(.text) refers to llushr.o(.text) for __aeabi_llsr
    f2d.o(.text) refers (Special) to iusefp.o(.text) for __I$use$fp
    cdcmple.o(.text) refers (Special) to iusefp.o(.text) for __I$use$fp
    cdrcmple.o(.text) refers (Special) to iusefp.o(.text) for __I$use$fp
    d2f.o(.text) refers (Special) to iusefp.o(.text) for __I$use$fp
    d2f.o(.text) refers to fepilogue.o(.text) for _float_round
    fpclassifyf.o(i.__ARM_fpclassifyf) refers (Special) to iusefp.o(.text) for __I$use$fp
    rredf.o(i.__mathlib_rredf2) refers (Special) to iusefp.o(.text) for __I$use$fp
    rredf.o(i.__mathlib_rredf2) refers to rredf.o(.constdata) for .constdata
    rredf.o(.constdata) refers (Special) to iusefp.o(.text) for __I$use$fp
    entry2.o(.ARM.Collect$$$$00000001) refers to entry2.o(.ARM.Collect$$$$00002712) for __lit__00000000
    entry2.o(.ARM.Collect$$$$00002712) refers to cstartup.o(CSTACK) for __initial_sp
    entry2.o(__vectab_stack_and_reset_area) refers to cstartup.o(CSTACK) for __initial_sp
    entry2.o(__vectab_stack_and_reset_area) refers to entry.o(.ARM.Collect$$$$00000000) for __main
    entry5.o(.ARM.Collect$$$$00000004) refers to init.o(.text) for __scatterload
    entry9a.o(.ARM.Collect$$$$0000000B) refers to main.o(i.main) for main
    entry9b.o(.ARM.Collect$$$$0000000C) refers to main.o(i.main) for main
    fputc.o(i.fputc) refers (Special) to iusesemip.o(.text) for __I$use$semihosting$fputc
    fputc.o(i.fputc) refers (Special) to semi.o(.text) for __semihosting_library_function
    errno.o(i.__aeabi_errno_addr) refers to errno.o(.data) for .data
    errno.o(i.__read_errno) refers to errno.o(.data) for .data
    errno.o(i.__set_errno) refers to errno.o(.data) for .data
    scanf_char.o(.text) refers to _scanf.o(.text) for __vfscanf
    scanf_char.o(.text) refers to isspace_c.o(.text) for isspace
    frnd.o(.text) refers to fepilogue.o(.text) for _float_round
    frem.o(.text) refers to fepilogue.o(.text) for _float_epilogue
    depilogue.o(.text) refers to llshl.o(.text) for __aeabi_llsl
    depilogue.o(.text) refers to llushr.o(.text) for __aeabi_llsr
    dsqrt.o(.text) refers to llushr.o(.text) for __aeabi_llsr
    dsqrt.o(.text) refers to depilogue.o(.text) for _double_round
    dfltul.o(.text) refers to depilogue.o(.text) for _double_epilogue
    dfixul.o(.text) refers to llushr.o(.text) for __aeabi_llsr
    dfixul.o(.text) refers to llshl.o(.text) for __aeabi_llsl
    init.o(.text) refers to entry5.o(.ARM.Collect$$$$00000004) for __main_after_scatterload
    isspace_c.o(.text) refers to ctype_c.o(.text) for __ctype_lookup
    _scanf.o(.text) refers (Weak) to scanf_fp.o(.text) for _scanf_real
    _scanf.o(.text) refers (Weak) to _scanf_int.o(.text) for _scanf_int
    ctype_c.o(.text) refers to ctype_c.o(.constdata) for .constdata
    scanf_fp.o(i._is_digit) refers (Special) to iusefp.o(.text) for __I$use$fp

